Archive member included to satisfy reference by file (symbol)

c:/program files (x86)/atollic/truestudio for stm32 9.1.0/armtools/bin/../lib/gcc/arm-atollic-eabi/6.3.1/../../../../arm-atollic-eabi/lib/armv7-m\libc_nano.a(lib_a-errno.o)
                              Src\syscalls.o (__errno)
c:/program files (x86)/atollic/truestudio for stm32 9.1.0/armtools/bin/../lib/gcc/arm-atollic-eabi/6.3.1/../../../../arm-atollic-eabi/lib/armv7-m\libc_nano.a(lib_a-impure.o)
                              c:/program files (x86)/atollic/truestudio for stm32 9.1.0/armtools/bin/../lib/gcc/arm-atollic-eabi/6.3.1/../../../../arm-atollic-eabi/lib/armv7-m\libc_nano.a(lib_a-errno.o) (_impure_ptr)
c:/program files (x86)/atollic/truestudio for stm32 9.1.0/armtools/bin/../lib/gcc/arm-atollic-eabi/6.3.1/../../../../arm-atollic-eabi/lib/armv7-m\libc_nano.a(lib_a-init.o)
                              startup\startup_stm32f103xb.o (__libc_init_array)
c:/program files (x86)/atollic/truestudio for stm32 9.1.0/armtools/bin/../lib/gcc/arm-atollic-eabi/6.3.1/../../../../arm-atollic-eabi/lib/armv7-m\libc_nano.a(lib_a-memset.o)
                              Drivers\STM32F1xx_HAL_Driver\Src\stm32f1xx_hal_rcc.o (memset)
c:/program files (x86)/atollic/truestudio for stm32 9.1.0/armtools/bin/../lib/gcc/arm-atollic-eabi/6.3.1/../../../../arm-atollic-eabi/lib/armv7-m\libm.a(lib_a-w_pow.o)
                              Src\BMXX80.o (pow)
c:/program files (x86)/atollic/truestudio for stm32 9.1.0/armtools/bin/../lib/gcc/arm-atollic-eabi/6.3.1/../../../../arm-atollic-eabi/lib/armv7-m\libm.a(lib_a-e_pow.o)
                              c:/program files (x86)/atollic/truestudio for stm32 9.1.0/armtools/bin/../lib/gcc/arm-atollic-eabi/6.3.1/../../../../arm-atollic-eabi/lib/armv7-m\libm.a(lib_a-w_pow.o) (__ieee754_pow)
c:/program files (x86)/atollic/truestudio for stm32 9.1.0/armtools/bin/../lib/gcc/arm-atollic-eabi/6.3.1/../../../../arm-atollic-eabi/lib/armv7-m\libm.a(lib_a-e_sqrt.o)
                              c:/program files (x86)/atollic/truestudio for stm32 9.1.0/armtools/bin/../lib/gcc/arm-atollic-eabi/6.3.1/../../../../arm-atollic-eabi/lib/armv7-m\libm.a(lib_a-e_pow.o) (__ieee754_sqrt)
c:/program files (x86)/atollic/truestudio for stm32 9.1.0/armtools/bin/../lib/gcc/arm-atollic-eabi/6.3.1/../../../../arm-atollic-eabi/lib/armv7-m\libm.a(lib_a-s_fabs.o)
                              c:/program files (x86)/atollic/truestudio for stm32 9.1.0/armtools/bin/../lib/gcc/arm-atollic-eabi/6.3.1/../../../../arm-atollic-eabi/lib/armv7-m\libm.a(lib_a-e_pow.o) (fabs)
c:/program files (x86)/atollic/truestudio for stm32 9.1.0/armtools/bin/../lib/gcc/arm-atollic-eabi/6.3.1/../../../../arm-atollic-eabi/lib/armv7-m\libm.a(lib_a-s_finite.o)
                              c:/program files (x86)/atollic/truestudio for stm32 9.1.0/armtools/bin/../lib/gcc/arm-atollic-eabi/6.3.1/../../../../arm-atollic-eabi/lib/armv7-m\libm.a(lib_a-w_pow.o) (finite)
c:/program files (x86)/atollic/truestudio for stm32 9.1.0/armtools/bin/../lib/gcc/arm-atollic-eabi/6.3.1/../../../../arm-atollic-eabi/lib/armv7-m\libm.a(lib_a-s_lib_ver.o)
                              c:/program files (x86)/atollic/truestudio for stm32 9.1.0/armtools/bin/../lib/gcc/arm-atollic-eabi/6.3.1/../../../../arm-atollic-eabi/lib/armv7-m\libm.a(lib_a-w_pow.o) (__fdlib_version)
c:/program files (x86)/atollic/truestudio for stm32 9.1.0/armtools/bin/../lib/gcc/arm-atollic-eabi/6.3.1/../../../../arm-atollic-eabi/lib/armv7-m\libm.a(lib_a-s_matherr.o)
                              c:/program files (x86)/atollic/truestudio for stm32 9.1.0/armtools/bin/../lib/gcc/arm-atollic-eabi/6.3.1/../../../../arm-atollic-eabi/lib/armv7-m\libm.a(lib_a-w_pow.o) (matherr)
c:/program files (x86)/atollic/truestudio for stm32 9.1.0/armtools/bin/../lib/gcc/arm-atollic-eabi/6.3.1/../../../../arm-atollic-eabi/lib/armv7-m\libm.a(lib_a-s_nan.o)
                              c:/program files (x86)/atollic/truestudio for stm32 9.1.0/armtools/bin/../lib/gcc/arm-atollic-eabi/6.3.1/../../../../arm-atollic-eabi/lib/armv7-m\libm.a(lib_a-e_pow.o) (nan)
c:/program files (x86)/atollic/truestudio for stm32 9.1.0/armtools/bin/../lib/gcc/arm-atollic-eabi/6.3.1/../../../../arm-atollic-eabi/lib/armv7-m\libm.a(lib_a-s_rint.o)
                              c:/program files (x86)/atollic/truestudio for stm32 9.1.0/armtools/bin/../lib/gcc/arm-atollic-eabi/6.3.1/../../../../arm-atollic-eabi/lib/armv7-m\libm.a(lib_a-w_pow.o) (rint)
c:/program files (x86)/atollic/truestudio for stm32 9.1.0/armtools/bin/../lib/gcc/arm-atollic-eabi/6.3.1/../../../../arm-atollic-eabi/lib/armv7-m\libm.a(lib_a-s_scalbn.o)
                              c:/program files (x86)/atollic/truestudio for stm32 9.1.0/armtools/bin/../lib/gcc/arm-atollic-eabi/6.3.1/../../../../arm-atollic-eabi/lib/armv7-m\libm.a(lib_a-e_pow.o) (scalbn)
c:/program files (x86)/atollic/truestudio for stm32 9.1.0/armtools/bin/../lib/gcc/arm-atollic-eabi/6.3.1/../../../../arm-atollic-eabi/lib/armv7-m\libm.a(lib_a-s_copysign.o)
[...]
Memory Configuration

Name             Origin             Length             Attributes
RAM              0x20000000         0x00005000         xrw
FLASH            0x08000000         0x00020000         xr
*default*        0x00000000         0xffffffff

Linker script and memory map

LOAD c:/program files (x86)/atollic/truestudio for stm32 9.1.0/armtools/bin/../lib/gcc/arm-atollic-eabi/6.3.1/armv7-m/crti.o
LOAD c:/program files (x86)/atollic/truestudio for stm32 9.1.0/armtools/bin/../lib/gcc/arm-atollic-eabi/6.3.1/armv7-m/crtbegin.o
LOAD Drivers\STM32F1xx_HAL_Driver\Src\stm32f1xx_hal.o
LOAD Drivers\STM32F1xx_HAL_Driver\Src\stm32f1xx_hal_cortex.o
LOAD Drivers\STM32F1xx_HAL_Driver\Src\stm32f1xx_hal_dma.o
LOAD Drivers\STM32F1xx_HAL_Driver\Src\stm32f1xx_hal_flash.o
LOAD Drivers\STM32F1xx_HAL_Driver\Src\stm32f1xx_hal_flash_ex.o
LOAD Drivers\STM32F1xx_HAL_Driver\Src\stm32f1xx_hal_gpio.o
LOAD Drivers\STM32F1xx_HAL_Driver\Src\stm32f1xx_hal_gpio_ex.o
LOAD Drivers\STM32F1xx_HAL_Driver\Src\stm32f1xx_hal_i2c.o
LOAD Drivers\STM32F1xx_HAL_Driver\Src\stm32f1xx_hal_pwr.o
LOAD Drivers\STM32F1xx_HAL_Driver\Src\stm32f1xx_hal_rcc.o
LOAD Drivers\STM32F1xx_HAL_Driver\Src\stm32f1xx_hal_rcc_ex.o
LOAD Drivers\STM32F1xx_HAL_Driver\Src\stm32f1xx_hal_tim.o
LOAD Drivers\STM32F1xx_HAL_Driver\Src\stm32f1xx_hal_tim_ex.o
LOAD Drivers\STM32F1xx_HAL_Driver\Src\stm32f1xx_hal_uart.o
LOAD Src\BMXX80.o
LOAD Src\bmp280.o
LOAD Src\delays.o
LOAD Src\dma.o
LOAD Src\gpio.o
LOAD Src\i2c.o
LOAD Src\main.o
LOAD Src\stm32f1xx_hal_msp.o
LOAD Src\stm32f1xx_it.o
LOAD Src\syscalls.o
LOAD Src\system_stm32f1xx.o
LOAD Src\tim.o
LOAD Src\usart.o
LOAD startup\startup_stm32f103xb.o
                0x00000080                malloc_getpagesize_P = 0x80
START GROUP
LOAD c:/program files (x86)/atollic/truestudio for stm32 9.1.0/armtools/bin/../lib/gcc/arm-atollic-eabi/6.3.1/../../../../arm-atollic-eabi/lib/armv7-m\libc_nano.a
LOAD c:/program files (x86)/atollic/truestudio for stm32 9.1.0/armtools/bin/../lib/gcc/arm-atollic-eabi/6.3.1/../../../../arm-atollic-eabi/lib/armv7-m\libm.a
END GROUP
START GROUP
LOAD c:/program files (x86)/atollic/truestudio for stm32 9.1.0/armtools/bin/../lib/gcc/arm-atollic-eabi/6.3.1/armv7-m\libgcc.a
LOAD c:/program files (x86)/atollic/truestudio for stm32 9.1.0/armtools/bin/../lib/gcc/arm-atollic-eabi/6.3.1/../../../../arm-atollic-eabi/lib/armv7-m\libc_nano.a
END GROUP
START GROUP
LOAD c:/program files (x86)/atollic/truestudio for stm32 9.1.0/armtools/bin/../lib/gcc/arm-atollic-eabi/6.3.1/armv7-m\libgcc.a
LOAD c:/program files (x86)/atollic/truestudio for stm32 9.1.0/armtools/bin/../lib/gcc/arm-atollic-eabi/6.3.1/../../../../arm-atollic-eabi/lib/armv7-m\libc_nano.a
LOAD c:/program files (x86)/atollic/truestudio for stm32 9.1.0/armtools/bin/../lib/gcc/arm-atollic-eabi/6.3.1/../../../../arm-atollic-eabi/lib/armv7-m\libnosys.a
END GROUP
START GROUP
LOAD c:/program files (x86)/atollic/truestudio for stm32 9.1.0/armtools/bin/../lib/gcc/arm-atollic-eabi/6.3.1/armv7-m\libgcc.a
LOAD c:/program files (x86)/atollic/truestudio for stm32 9.1.0/armtools/bin/../lib/gcc/arm-atollic-eabi/6.3.1/../../../../arm-atollic-eabi/lib/armv7-m\libc_nano.a
LOAD c:/program files (x86)/atollic/truestudio for stm32 9.1.0/armtools/bin/../lib/gcc/arm-atollic-eabi/6.3.1/../../../../arm-atollic-eabi/lib/armv7-m\libnosys.a
END GROUP
LOAD c:/program files (x86)/atollic/truestudio for stm32 9.1.0/armtools/bin/../lib/gcc/arm-atollic-eabi/6.3.1/armv7-m/crtend.o
LOAD c:/program files (x86)/atollic/truestudio for stm32 9.1.0/armtools/bin/../lib/gcc/arm-atollic-eabi/6.3.1/armv7-m/crtn.o
                0x20005000                _estack = 0x20005000
                0x00000200                _Min_Heap_Size = 0x200
                0x00000400                _Min_Stack_Size = 0x400

.isr_vector     0x08000000      0x10c
                0x08000000                . = ALIGN (0x4)
 *(.isr_vector)
 .isr_vector    0x08000000      0x10c startup\startup_stm32f103xb.o
                0x08000000                g_pfnVectors
                0x0800010c                . = ALIGN (0x4)

.text           0x0800010c     0x3588
                0x0800010c                . = ALIGN (0x4)
 *(.text)
 .text          0x0800010c       0x40 c:/program files (x86)/atollic/truestudio for stm32 9.1.0/armtools/bin/../lib/gcc/arm-atollic-eabi/6.3.1/armv7-m/crtbegin.o
 .text          0x0800014c      0x21c c:/program files (x86)/atollic/truestudio for stm32 9.1.0/armtools/bin/../lib/gcc/arm-atollic-eabi/6.3.1/armv7-m\libgcc.a(_arm_addsubsf3.o)
                0x0800014c                __aeabi_frsub
                0x08000154                __subsf3
                0x08000154                __aeabi_fsub
                0x08000158                __aeabi_fadd
                0x08000158                __addsf3
                0x080002b8                __aeabi_ui2f
                0x080002b8                __floatunsisf
                0x080002c0                __aeabi_i2f
                0x080002c0                __floatsisf
                0x080002dc                __aeabi_ul2f
                0x080002dc                __floatundisf
                0x080002ec                __aeabi_l2f
                0x080002ec                __floatdisf
 .text          0x08000368      0x2a0 c:/program files (x86)/atollic/truestudio for stm32 9.1.0/armtools/bin/../lib/gcc/arm-atollic-eabi/6.3.1/armv7-m\libgcc.a(_arm_muldivsf3.o)
                0x08000368                __mulsf3
                0x08000368                __aeabi_fmul
                0x080004d0                __aeabi_fdiv
                0x080004d0                __divsf3
 .text          0x08000608       0xec c:/program files (x86)/atollic/truestudio for stm32 9.1.0/armtools/bin/../lib/gcc/arm-atollic-eabi/6.3.1/armv7-m\libgcc.a(_arm_cmpsf2.o)
                0x08000608                __gesf2
                0x08000608                __gtsf2
                0x08000610                __lesf2
                0x08000610                __ltsf2
                0x08000618                __nesf2
                0x08000618                __eqsf2
                0x08000618                __cmpsf2
                0x08000678                __aeabi_cfrcmple
                0x08000680                __aeabi_cfcmpeq
                0x08000680                __aeabi_cfcmple
                0x08000690                __aeabi_fcmpeq
                0x080006a4                __aeabi_fcmplt
                0x080006b8                __aeabi_fcmple
                0x080006cc                __aeabi_fcmpge
                0x080006e0                __aeabi_fcmpgt
 .text          0x080006f4       0xa0 c:/program files (x86)/atollic/truestudio for stm32 9.1.0/armtools/bin/../lib/gcc/arm-atollic-eabi/6.3.1/armv7-m\libgcc.a(_aeabi_ldivmod.o)
                0x080006f4                __aeabi_ldivmod
 .text          0x08000794      0x2dc c:/program files (x86)/atollic/truestudio for stm32 9.1.0/armtools/bin/../lib/gcc/arm-atollic-eabi/6.3.1/armv7-m\libgcc.a(_udivmoddi4.o)
                0x08000794                __udivmoddi4
 .text          0x08000a70        0x4 c:/program files (x86)/atollic/truestudio for stm32 9.1.0/armtools/bin/../lib/gcc/arm-atollic-eabi/6.3.1/armv7-m\libgcc.a(_dvmd_tls.o)
                0x08000a70                __aeabi_idiv0
                0x08000a70                __aeabi_ldiv0
 *(.text*)
 .text.HAL_InitTick
                0x08000a74       0x48 Drivers\STM32F1xx_HAL_Driver\Src\stm32f1xx_hal.o
                0x08000a74                HAL_InitTick
 .text.HAL_Init
                0x08000abc       0x24 Drivers\STM32F1xx_HAL_Driver\Src\stm32f1xx_hal.o
                0x08000abc                HAL_Init
 .text.HAL_IncTick
                0x08000ae0       0x18 Drivers\STM32F1xx_HAL_Driver\Src\stm32f1xx_hal.o
                0x08000ae0                HAL_IncTick
 .text.HAL_GetTick
                0x08000af8        0xc Drivers\STM32F1xx_HAL_Driver\Src\stm32f1xx_hal.o
                0x08000af8                HAL_GetTick
 .text.HAL_Delay
                0x08000b04       0x24 Drivers\STM32F1xx_HAL_Driver\Src\stm32f1xx_hal.o
                0x08000b04                HAL_Delay
 .text.HAL_NVIC_SetPriorityGrouping
                0x08000b28       0x24 Drivers\STM32F1xx_HAL_Driver\Src\stm32f1xx_hal_cortex.o
                0x08000b28                HAL_NVIC_SetPriorityGrouping
 .text.HAL_NVIC_SetPriority
                0x08000b4c       0x68 Drivers\STM32F1xx_HAL_Driver\Src\stm32f1xx_hal_cortex.o
                0x08000b4c                HAL_NVIC_SetPriority
 .text.HAL_NVIC_EnableIRQ
                0x08000bb4       0x18 Drivers\STM32F1xx_HAL_Driver\Src\stm32f1xx_hal_cortex.o
                0x08000bb4                HAL_NVIC_EnableIRQ
 .text.HAL_SYSTICK_Config
                0x08000bcc       0x2c Drivers\STM32F1xx_HAL_Driver\Src\stm32f1xx_hal_cortex.o
                0x08000bcc                HAL_SYSTICK_Config
 .text.HAL_DMA_Init
                0x08000bf8       0x60 Drivers\STM32F1xx_HAL_Driver\Src\stm32f1xx_hal_dma.o
                0x08000bf8                HAL_DMA_Init
 .text.HAL_DMA_Abort_IT
                0x08000c58       0x90 Drivers\STM32F1xx_HAL_Driver\Src\stm32f1xx_hal_dma.o
                0x08000c58                HAL_DMA_Abort_IT
 .text.HAL_DMA_IRQHandler
                0x08000ce8      0x128 Drivers\STM32F1xx_HAL_Driver\Src\stm32f1xx_hal_dma.o
                0x08000ce8                HAL_DMA_IRQHandler
 .text.HAL_GPIO_Init
                0x08000e10      0x1c0 Drivers\STM32F1xx_HAL_Driver\Src\stm32f1xx_hal_gpio.o
                0x08000e10                HAL_GPIO_Init
 .text.HAL_GPIO_WritePin
                0x08000fd0        0xa Drivers\STM32F1xx_HAL_Driver\Src\stm32f1xx_hal_gpio.o
                0x08000fd0                HAL_GPIO_WritePin
 .text.HAL_GPIO_EXTI_Callback
                0x08000fda        0x2 Drivers\STM32F1xx_HAL_Driver\Src\stm32f1xx_hal_gpio.o
                0x08000fda                HAL_GPIO_EXTI_Callback
 .text.HAL_GPIO_EXTI_IRQHandler
                0x08000fdc       0x18 Drivers\STM32F1xx_HAL_Driver\Src\stm32f1xx_hal_gpio.o
                0x08000fdc                HAL_GPIO_EXTI_IRQHandler
 .text.I2C_IsAcknowledgeFailed
                0x08000ff4       0x2a Drivers\STM32F1xx_HAL_Driver\Src\stm32f1xx_hal_i2c.o
 .text.I2C_WaitOnMasterAddressFlagUntilTimeout
                0x0800101e       0x80 Drivers\STM32F1xx_HAL_Driver\Src\stm32f1xx_hal_i2c.o
 .text.I2C_WaitOnFlagUntilTimeout
                0x0800109e       0x5c Drivers\STM32F1xx_HAL_Driver\Src\stm32f1xx_hal_i2c.o
 .text.I2C_WaitOnTXEFlagUntilTimeout
                0x080010fa       0x4c Drivers\STM32F1xx_HAL_Driver\Src\stm32f1xx_hal_i2c.o
 *fill*         0x08001146        0x2 
 .text.I2C_RequestMemoryWrite
                0x08001148       0xa4 Drivers\STM32F1xx_HAL_Driver\Src\stm32f1xx_hal_i2c.o
 .text.I2C_RequestMemoryRead
                0x080011ec       0xf4 Drivers\STM32F1xx_HAL_Driver\Src\stm32f1xx_hal_i2c.o
 .text.I2C_WaitOnRXNEFlagUntilTimeout
                0x080012e0       0x5a Drivers\STM32F1xx_HAL_Driver\Src\stm32f1xx_hal_i2c.o
 .text.I2C_WaitOnBTFFlagUntilTimeout
                0x0800133a       0x4c Drivers\STM32F1xx_HAL_Driver\Src\stm32f1xx_hal_i2c.o
 *fill*         0x08001386        0x2 
 .text.HAL_I2C_Init
                0x08001388      0x100 Drivers\STM32F1xx_HAL_Driver\Src\stm32f1xx_hal_i2c.o
                0x08001388                HAL_I2C_Init
 .text.HAL_I2C_Mem_Write
                0x08001488      0x12c Drivers\STM32F1xx_HAL_Driver\Src\stm32f1xx_hal_i2c.o
                0x08001488                HAL_I2C_Mem_Write
 .text.HAL_I2C_Mem_Read
                0x080015b4      0x240 Drivers\STM32F1xx_HAL_Driver\Src\stm32f1xx_hal_i2c.o
                0x080015b4                HAL_I2C_Mem_Read
 .text.HAL_I2C_MasterTxCpltCallback
                0x080017f4        0x2 Drivers\STM32F1xx_HAL_Driver\Src\stm32f1xx_hal_i2c.o
                0x080017f4                HAL_I2C_MasterTxCpltCallback
 .text.HAL_I2C_MasterRxCpltCallback
                0x080017f6        0x2 Drivers\STM32F1xx_HAL_Driver\Src\stm32f1xx_hal_i2c.o
                0x080017f6                HAL_I2C_MasterRxCpltCallback
 .text.HAL_I2C_SlaveTxCpltCallback
                0x080017f8        0x2 Drivers\STM32F1xx_HAL_Driver\Src\stm32f1xx_hal_i2c.o
                0x080017f8                HAL_I2C_SlaveTxCpltCallback
 .text.HAL_I2C_SlaveRxCpltCallback
                0x080017fa        0x2 Drivers\STM32F1xx_HAL_Driver\Src\stm32f1xx_hal_i2c.o
                0x080017fa                HAL_I2C_SlaveRxCpltCallback
 .text.HAL_I2C_AddrCallback
                0x080017fc        0x2 Drivers\STM32F1xx_HAL_Driver\Src\stm32f1xx_hal_i2c.o
                0x080017fc                HAL_I2C_AddrCallback
 .text.HAL_I2C_ListenCpltCallback
                0x080017fe        0x2 Drivers\STM32F1xx_HAL_Driver\Src\stm32f1xx_hal_i2c.o
                0x080017fe                HAL_I2C_ListenCpltCallback
 .text.HAL_I2C_MemTxCpltCallback
                0x08001800        0x2 Drivers\STM32F1xx_HAL_Driver\Src\stm32f1xx_hal_i2c.o
                0x08001800                HAL_I2C_MemTxCpltCallback
 .text.HAL_I2C_MemRxCpltCallback
                0x08001802        0x2 Drivers\STM32F1xx_HAL_Driver\Src\stm32f1xx_hal_i2c.o
                0x08001802                HAL_I2C_MemRxCpltCallback
 .text.HAL_I2C_ErrorCallback
                0x08001804        0x2 Drivers\STM32F1xx_HAL_Driver\Src\stm32f1xx_hal_i2c.o
                0x08001804                HAL_I2C_ErrorCallback
 .text.HAL_I2C_AbortCpltCallback
                0x08001806        0x2 Drivers\STM32F1xx_HAL_Driver\Src\stm32f1xx_hal_i2c.o
                0x08001806                HAL_I2C_AbortCpltCallback
 .text.I2C_ITError
                0x08001808      0x128 Drivers\STM32F1xx_HAL_Driver\Src\stm32f1xx_hal_i2c.o
 .text.HAL_I2C_EV_IRQHandler
                0x08001930      0x6d4 Drivers\STM32F1xx_HAL_Driver\Src\stm32f1xx_hal_i2c.o
                0x08001930                HAL_I2C_EV_IRQHandler
 .text.HAL_I2C_ER_IRQHandler
                0x08002004      0x13c Drivers\STM32F1xx_HAL_Driver\Src\stm32f1xx_hal_i2c.o
                0x08002004                HAL_I2C_ER_IRQHandler
 .text.I2C_DMAAbort
                0x08002140       0x4c Drivers\STM32F1xx_HAL_Driver\Src\stm32f1xx_hal_i2c.o
 .text.HAL_RCC_OscConfig
                0x0800218c      0x318 Drivers\STM32F1xx_HAL_Driver\Src\stm32f1xx_hal_rcc.o
                0x0800218c                HAL_RCC_OscConfig
 .text.HAL_RCC_GetSysClockFreq
                0x080024a4       0x78 Drivers\STM32F1xx_HAL_Driver\Src\stm32f1xx_hal_rcc.o
                0x080024a4                HAL_RCC_GetSysClockFreq
 .text.HAL_RCC_ClockConfig
                0x0800251c      0x164 Drivers\STM32F1xx_HAL_Driver\Src\stm32f1xx_hal_rcc.o
                0x0800251c                HAL_RCC_ClockConfig
 .text.HAL_RCC_GetPCLK1Freq
                0x08002680       0x20 Drivers\STM32F1xx_HAL_Driver\Src\stm32f1xx_hal_rcc.o
                0x08002680                HAL_RCC_GetPCLK1Freq
 .text.HAL_RCC_GetPCLK2Freq
                0x080026a0       0x20 Drivers\STM32F1xx_HAL_Driver\Src\stm32f1xx_hal_rcc.o
                0x080026a0                HAL_RCC_GetPCLK2Freq
 .text.HAL_TIM_Base_Start
                0x080026c0       0x1a Drivers\STM32F1xx_HAL_Driver\Src\stm32f1xx_hal_tim.o
                0x080026c0                HAL_TIM_Base_Start
 .text.HAL_TIM_ConfigClockSource
                0x080026da      0x172 Drivers\STM32F1xx_HAL_Driver\Src\stm32f1xx_hal_tim.o
                0x080026da                HAL_TIM_ConfigClockSource
 .text.TIM_Base_SetConfig
                0x0800284c       0x70 Drivers\STM32F1xx_HAL_Driver\Src\stm32f1xx_hal_tim.o
                0x0800284c                TIM_Base_SetConfig
 .text.HAL_TIM_Base_Init
                0x080028bc       0x34 Drivers\STM32F1xx_HAL_Driver\Src\stm32f1xx_hal_tim.o
                0x080028bc                HAL_TIM_Base_Init
 .text.HAL_TIMEx_MasterConfigSynchronization
                0x080028f0       0x44 Drivers\STM32F1xx_HAL_Driver\Src\stm32f1xx_hal_tim_ex.o
                0x080028f0                HAL_TIMEx_MasterConfigSynchronization
 .text.UART_SetConfig
                0x08002934      0x13c Drivers\STM32F1xx_HAL_Driver\Src\stm32f1xx_hal_uart.o
 .text.HAL_UART_Init
                0x08002a70       0x5c Drivers\STM32F1xx_HAL_Driver\Src\stm32f1xx_hal_uart.o
                0x08002a70                HAL_UART_Init
 .text.BME280_Read8
                0x08002acc       0x30 Src\BMXX80.o
                0x08002acc                BME280_Read8
 .text.BME280_Read16
                0x08002afc       0x34 Src\BMXX80.o
                0x08002afc                BME280_Read16
 .text.BME280_Read16LE
                0x08002b30        0xc Src\BMXX80.o
                0x08002b30                BME280_Read16LE
 .text.BME280_Write8
                0x08002b3c       0x28 Src\BMXX80.o
                0x08002b3c                BME280_Write8
 .text.BME280_Read24
                0x08002b64       0x3c Src\BMXX80.o
                0x08002b64                BME280_Read24
 .text.BME280_IsReadingCalibration
                0x08002ba0        0xe Src\BMXX80.o
                0x08002ba0                BME280_IsReadingCalibration
 .text.BME280_SetConfig
                0x08002bae       0x14 Src\BMXX80.o
                0x08002bae                BME280_SetConfig
 *fill*         0x08002bc2        0x2 
 .text.BME280_Init
                0x08002bc4      0x1f4 Src\BMXX80.o
                0x08002bc4                BME280_Init
 .text.BME280_ReadTemperature
                0x08002db8       0xa4 Src\BMXX80.o
                0x08002db8                BME280_ReadTemperature
 .text.BME280_ReadTemperatureAndPressureAndHuminidity
                0x08002e5c      0x274 Src\BMXX80.o
                0x08002e5c                BME280_ReadTemperatureAndPressureAndHuminidity
 .text.Delay_us
                0x080030d0       0x14 Src\delays.o
                0x080030d0                Delay_us
 .text.MX_DMA_Init
                0x080030e4       0x40 Src\dma.o
                0x080030e4                MX_DMA_Init
 .text.MX_GPIO_Init
                0x08003124       0xb8 Src\gpio.o
                0x08003124                MX_GPIO_Init
 .text.MX_I2C1_Init
                0x080031dc       0x40 Src\i2c.o
                0x080031dc                MX_I2C1_Init
 .text.HAL_I2C_MspInit
                0x0800321c       0xe4 Src\i2c.o
                0x0800321c                HAL_I2C_MspInit
 .text.SystemClock_Config
                0x08003300       0x50 Src\main.o
                0x08003300                SystemClock_Config
 .text.startup.main
                0x08003350       0x80 Src\main.o
                0x08003350                main
 .text.Error_Handler
                0x080033d0        0x2 Src\main.o
                0x080033d0                Error_Handler
 *fill*         0x080033d2        0x2 
 .text.HAL_MspInit
                0x080033d4       0x44 Src\stm32f1xx_hal_msp.o
                0x080033d4                HAL_MspInit
 .text.NMI_Handler
                0x08003418        0x2 Src\stm32f1xx_it.o
                0x08003418                NMI_Handler
 .text.HardFault_Handler
                0x0800341a        0x2 Src\stm32f1xx_it.o
                0x0800341a                HardFault_Handler
 .text.MemManage_Handler
                0x0800341c        0x2 Src\stm32f1xx_it.o
                0x0800341c                MemManage_Handler
 .text.BusFault_Handler
                0x0800341e        0x2 Src\stm32f1xx_it.o
                0x0800341e                BusFault_Handler
 .text.UsageFault_Handler
                0x08003420        0x2 Src\stm32f1xx_it.o
                0x08003420                UsageFault_Handler
 .text.SVC_Handler
                0x08003422        0x2 Src\stm32f1xx_it.o
                0x08003422                SVC_Handler
 .text.DebugMon_Handler
                0x08003424        0x2 Src\stm32f1xx_it.o
                0x08003424                DebugMon_Handler
 .text.PendSV_Handler
                0x08003426        0x2 Src\stm32f1xx_it.o
                0x08003426                PendSV_Handler
 .text.SysTick_Handler
                0x08003428        0x4 Src\stm32f1xx_it.o
                0x08003428                SysTick_Handler
 .text.DMA1_Channel6_IRQHandler
                0x0800342c        0xc Src\stm32f1xx_it.o
                0x0800342c                DMA1_Channel6_IRQHandler
 .text.DMA1_Channel7_IRQHandler
                0x08003438        0xc Src\stm32f1xx_it.o
                0x08003438                DMA1_Channel7_IRQHandler
 .text.I2C1_EV_IRQHandler
                0x08003444        0xc Src\stm32f1xx_it.o
                0x08003444                I2C1_EV_IRQHandler
 .text.I2C1_ER_IRQHandler
                0x08003450        0xc Src\stm32f1xx_it.o
                0x08003450                I2C1_ER_IRQHandler
 .text.EXTI15_10_IRQHandler
                0x0800345c        0x8 Src\stm32f1xx_it.o
                0x0800345c                EXTI15_10_IRQHandler
 .text.SystemInit
                0x08003464       0x4c Src\system_stm32f1xx.o
                0x08003464                SystemInit
 .text.MX_TIM3_Init
                0x080034b0       0x68 Src\tim.o
                0x080034b0                MX_TIM3_Init
 .text.HAL_TIM_Base_MspInit
                0x08003518       0x28 Src\tim.o
                0x08003518                HAL_TIM_Base_MspInit
 .text.MX_USART2_UART_Init
                0x08003540       0x38 Src\usart.o
                0x08003540                MX_USART2_UART_Init
 .text.HAL_UART_MspInit
                0x08003578       0x60 Src\usart.o
                0x08003578                HAL_UART_MspInit
 .text.Reset_Handler
                0x080035d8       0x48 startup\startup_stm32f103xb.o
                0x080035d8                Reset_Handler
 .text.Default_Handler
                0x08003620        0x2 startup\startup_stm32f103xb.o
                0x08003620                RTC_Alarm_IRQHandler
                0x08003620                EXTI2_IRQHandler
                0x08003620                TIM1_CC_IRQHandler
                0x08003620                PVD_IRQHandler
                0x08003620                EXTI3_IRQHandler
                0x08003620                EXTI0_IRQHandler
                0x08003620                I2C2_EV_IRQHandler
                0x08003620                ADC1_2_IRQHandler
                0x08003620                SPI1_IRQHandler
                0x08003620                TAMPER_IRQHandler
                0x08003620                DMA1_Channel4_IRQHandler
                0x08003620                USART3_IRQHandler
                0x08003620                RTC_IRQHandler
                0x08003620                CAN1_RX1_IRQHandler
                0x08003620                TIM4_IRQHandler
                0x08003620                TIM3_IRQHandler
                0x08003620                RCC_IRQHandler
                0x08003620                TIM1_TRG_COM_IRQHandler
                0x08003620                DMA1_Channel1_IRQHandler
                0x08003620                Default_Handler
                0x08003620                EXTI9_5_IRQHandler
                0x08003620                SPI2_IRQHandler
                0x08003620                DMA1_Channel5_IRQHandler
                0x08003620                EXTI4_IRQHandler
                0x08003620                USB_LP_CAN1_RX0_IRQHandler
                0x08003620                USB_HP_CAN1_TX_IRQHandler
                0x08003620                DMA1_Channel3_IRQHandler
                0x08003620                TIM1_UP_IRQHandler
                0x08003620                WWDG_IRQHandler
                0x08003620                TIM2_IRQHandler
                0x08003620                TIM1_BRK_IRQHandler
                0x08003620                EXTI1_IRQHandler
                0x08003620                USART2_IRQHandler
                0x08003620                I2C2_ER_IRQHandler
                0x08003620                DMA1_Channel2_IRQHandler
                0x08003620                CAN1_SCE_IRQHandler
                0x08003620                FLASH_IRQHandler
                0x08003620                USART1_IRQHandler
                0x08003620                USBWakeUp_IRQHandler
 *fill*         0x08003622        0x2 
 .text.__libc_init_array
                0x08003624       0x48 c:/program files (x86)/atollic/truestudio for stm32 9.1.0/armtools/bin/../lib/gcc/arm-atollic-eabi/6.3.1/../../../../arm-atollic-eabi/lib/armv7-m\libc_nano.a(lib_a-init.o)
                0x08003624                __libc_init_array
 .text.memset   0x0800366c       0x10 c:/program files (x86)/atollic/truestudio for stm32 9.1.0/armtools/bin/../lib/gcc/arm-atollic-eabi/6.3.1/../../../../arm-atollic-eabi/lib/armv7-m\libc_nano.a(lib_a-memset.o)
                0x0800366c                memset
 *(.glue_7)
 .glue_7        0x0800367c        0x0 linker stubs
 *(.glue_7t)
 .glue_7t       0x0800367c        0x0 linker stubs
 *(.eh_frame)
 .eh_frame      0x0800367c        0x0 c:/program files (x86)/atollic/truestudio for stm32 9.1.0/armtools/bin/../lib/gcc/arm-atollic-eabi/6.3.1/armv7-m/crtbegin.o
 *(.init)
 .init          0x0800367c        0x4 c:/program files (x86)/atollic/truestudio for stm32 9.1.0/armtools/bin/../lib/gcc/arm-atollic-eabi/6.3.1/armv7-m/crti.o
                0x0800367c                _init
 .init          0x08003680        0x8 c:/program files (x86)/atollic/truestudio for stm32 9.1.0/armtools/bin/../lib/gcc/arm-atollic-eabi/6.3.1/armv7-m/crtn.o
 *(.fini)
 .fini          0x08003688        0x4 c:/program files (x86)/atollic/truestudio for stm32 9.1.0/armtools/bin/../lib/gcc/arm-atollic-eabi/6.3.1/armv7-m/crti.o
                0x08003688                _fini
 .fini          0x0800368c        0x8 c:/program files (x86)/atollic/truestudio for stm32 9.1.0/armtools/bin/../lib/gcc/arm-atollic-eabi/6.3.1/armv7-m/crtn.o
                0x08003694                . = ALIGN (0x4)
                0x08003694                _etext = .

.vfp11_veneer   0x08003694        0x0
 .vfp11_veneer  0x08003694        0x0 linker stubs

.v4_bx          0x08003694        0x0
 .v4_bx         0x08003694        0x0 linker stubs

.iplt           0x08003694        0x0
 .iplt          0x08003694        0x0 c:/program files (x86)/atollic/truestudio for stm32 9.1.0/armtools/bin/../lib/gcc/arm-atollic-eabi/6.3.1/armv7-m/crtbegin.o

.rodata         0x08003694       0x28
                0x08003694                . = ALIGN (0x4)
 *(.rodata)
 .rodata        0x08003694       0x10 Drivers\STM32F1xx_HAL_Driver\Src\stm32f1xx_hal_rcc.o
 *(.rodata*)
 .rodata.AHBPrescTable
                0x080036a4       0x10 Src\system_stm32f1xx.o
                0x080036a4                AHBPrescTable
 .rodata.APBPrescTable
                0x080036b4        0x8 Src\system_stm32f1xx.o
                0x080036b4                APBPrescTable
                0x080036bc                . = ALIGN (0x4)

.ARM.extab
 *(.ARM.extab* .gnu.linkonce.armextab.*)

.ARM            0x080036bc        0x8
                0x080036bc                __exidx_start = .
 *(.ARM.exidx*)
 .ARM.exidx     0x080036bc        0x8 c:/program files (x86)/atollic/truestudio for stm32 9.1.0/armtools/bin/../lib/gcc/arm-atollic-eabi/6.3.1/armv7-m\libgcc.a(_udivmoddi4.o)
                0x080036c4                __exidx_end = .

.rel.dyn        0x080036c4        0x0
 .rel.iplt      0x080036c4        0x0 c:/program files (x86)/atollic/truestudio for stm32 9.1.0/armtools/bin/../lib/gcc/arm-atollic-eabi/6.3.1/armv7-m/crtbegin.o

.preinit_array  0x080036c4        0x0
                0x080036c4                PROVIDE (__preinit_array_start, .)
 *(.preinit_array*)
                0x080036c4                PROVIDE (__preinit_array_end, .)

.init_array     0x080036c4        0x4
                0x080036c4                PROVIDE (__init_array_start, .)
 *(SORT(.init_array.*))
 *(.init_array*)
 .init_array    0x080036c4        0x4 c:/program files (x86)/atollic/truestudio for stm32 9.1.0/armtools/bin/../lib/gcc/arm-atollic-eabi/6.3.1/armv7-m/crtbegin.o
                0x080036c8                PROVIDE (__init_array_end, .)

.fini_array     0x080036c8        0x4
                [!provide]                PROVIDE (__fini_array_start, .)
 *(SORT(.fini_array.*))
 *(.fini_array*)
 .fini_array    0x080036c8        0x4 c:/program files (x86)/atollic/truestudio for stm32 9.1.0/armtools/bin/../lib/gcc/arm-atollic-eabi/6.3.1/armv7-m/crtbegin.o
                [!provide]                PROVIDE (__fini_array_end, .)
                0x080036cc                _sidata = LOADADDR (.data)

.data           0x20000000        0xc load address 0x080036cc
                0x20000000                . = ALIGN (0x4)
                0x20000000                _sdata = .
 *(.data)
 *(.data*)
 .data.uwTickFreq
                0x20000000        0x1 Drivers\STM32F1xx_HAL_Driver\Src\stm32f1xx_hal.o
                0x20000000                uwTickFreq
 *fill*         0x20000001        0x3 
 .data.uwTickPrio
                0x20000004        0x4 Drivers\STM32F1xx_HAL_Driver\Src\stm32f1xx_hal.o
                0x20000004                uwTickPrio
 .data.SystemCoreClock
                0x20000008        0x4 Src\system_stm32f1xx.o
                0x20000008                SystemCoreClock
                0x2000000c                . = ALIGN (0x4)
                0x2000000c                _edata = .

.igot.plt       0x2000000c        0x0 load address 0x080036d8
 .igot.plt      0x2000000c        0x0 c:/program files (x86)/atollic/truestudio for stm32 9.1.0/armtools/bin/../lib/gcc/arm-atollic-eabi/6.3.1/armv7-m/crtbegin.o
                0x2000000c                . = ALIGN (0x4)

.bss            0x2000000c      0x2fc load address 0x080036d8
                0x2000000c                _sbss = .
                0x2000000c                __bss_start__ = _sbss
 *(.bss)
 .bss           0x2000000c       0x1c c:/program files (x86)/atollic/truestudio for stm32 9.1.0/armtools/bin/../lib/gcc/arm-atollic-eabi/6.3.1/armv7-m/crtbegin.o
 *(.bss*)
 *(COMMON)
 COMMON         0x20000028        0x4 Drivers\STM32F1xx_HAL_Driver\Src\stm32f1xx_hal.o
                0x20000028                uwTick
 COMMON         0x2000002c       0x38 Src\BMXX80.o
                0x2000002c                t3
                0x2000002e                _huminidity_oversampling
                0x20000030                p2
                0x20000032                h1
                0x20000034                p7
                0x20000036                _pressure_oversampling
                0x20000038                t2
                0x2000003a                p5
                0x2000003c                h5
                0x2000003e                p1
                0x20000040                h2
                0x20000042                p8
                0x20000044                p6
                0x20000046                t1
                0x20000048                _temperature_res
                0x2000004c                i2c_h
                0x20000050                h6
                0x20000052                h4
                0x20000054                _mode
                0x20000056                p3
                0x20000058                h3
                0x2000005a                p9
                0x2000005c                p4
                0x20000060                t_fine
 COMMON         0x20000064       0xdc Src\i2c.o
                0x20000064                hdma_i2c1_tx
                0x200000a8                hi2c1
                0x200000fc                hdma_i2c1_rx
 COMMON         0x20000140      0x148 Src\main.o
                0x20000140                temperature
                0x20000144                huminidity
                0x20000148                pressure
                0x2000014c                test
                0x20000150                Data
                0x20000250                size
                0x20000254                bmp280
 COMMON         0x20000288       0x40 Src\tim.o
                0x20000288                htim3
 COMMON         0x200002c8       0x40 Src\usart.o
                0x200002c8                huart2
                0x20000308                . = ALIGN (0x4)
                0x20000308                _ebss = .
                0x20000308                __bss_end__ = _ebss

._user_heap_stack
                0x20000308      0x600 load address 0x080036d8
                0x20000308                . = ALIGN (0x4)
                0x20000308                PROVIDE (end, .)
                [!provide]                PROVIDE (_end, .)
                0x20000508                . = (. + _Min_Heap_Size)
 *fill*         0x20000308      0x200 
                0x20000908                . = (. + _Min_Stack_Size)
 *fill*         0x20000508      0x400 
                0x20000908                . = ALIGN (0x4)

/DISCARD/
 libc.a(*)
 libm.a(*)
 libgcc.a(*)

.ARM.attributes
                0x00000000       0x29
 *(.ARM.attributes)
 .ARM.attributes
                0x00000000       0x1d c:/program files (x86)/atollic/truestudio for stm32 9.1.0/armtools/bin/../lib/gcc/arm-atollic-eabi/6.3.1/armv7-m/crti.o
 .ARM.attributes
                0x0000001d       0x2d c:/program files (x86)/atollic/truestudio for stm32 9.1.0/armtools/bin/../lib/gcc/arm-atollic-eabi/6.3.1/armv7-m/crtbegin.o
 .ARM.attributes
                0x0000004a       0x33 Drivers\STM32F1xx_HAL_Driver\Src\stm32f1xx_hal.o
 .ARM.attributes
                0x0000007d       0x33 Drivers\STM32F1xx_HAL_Driver\Src\stm32f1xx_hal_cortex.o
 .ARM.attributes
                0x000000b0       0x33 Drivers\STM32F1xx_HAL_Driver\Src\stm32f1xx_hal_dma.o
 .ARM.attributes
                0x000000e3       0x33 Drivers\STM32F1xx_HAL_Driver\Src\stm32f1xx_hal_gpio.o
 .ARM.attributes
                0x00000116       0x33 Drivers\STM32F1xx_HAL_Driver\Src\stm32f1xx_hal_i2c.o
 .ARM.attributes
                0x00000149       0x33 Drivers\STM32F1xx_HAL_Driver\Src\stm32f1xx_hal_rcc.o
 .ARM.attributes
                0x0000017c       0x33 Drivers\STM32F1xx_HAL_Driver\Src\stm32f1xx_hal_tim.o
 .ARM.attributes
                0x000001af       0x33 Drivers\STM32F1xx_HAL_Driver\Src\stm32f1xx_hal_tim_ex.o
 .ARM.attributes
                0x000001e2       0x33 Drivers\STM32F1xx_HAL_Driver\Src\stm32f1xx_hal_uart.o
 .ARM.attributes
                0x00000215       0x33 Src\BMXX80.o
 .ARM.attributes
                0x00000248       0x33 Src\delays.o
 .ARM.attributes
                0x0000027b       0x33 Src\dma.o
 .ARM.attributes
                0x000002ae       0x33 Src\gpio.o
 .ARM.attributes
                0x000002e1       0x33 Src\i2c.o
 .ARM.attributes
                0x00000314       0x33 Src\main.o
 .ARM.attributes
                0x00000347       0x33 Src\stm32f1xx_hal_msp.o
 .ARM.attributes
                0x0000037a       0x33 Src\stm32f1xx_it.o
 .ARM.attributes
                0x000003ad       0x33 Src\system_stm32f1xx.o
 .ARM.attributes
                0x000003e0       0x33 Src\tim.o
 .ARM.attributes
                0x00000413       0x33 Src\usart.o
 .ARM.attributes
                0x00000446       0x21 startup\startup_stm32f103xb.o
 .ARM.attributes
                0x00000467       0x2d c:/program files (x86)/atollic/truestudio for stm32 9.1.0/armtools/bin/../lib/gcc/arm-atollic-eabi/6.3.1/../../../../arm-atollic-eabi/lib/armv7-m\libc_nano.a(lib_a-init.o)
 .ARM.attributes
                0x00000494       0x2d c:/program files (x86)/atollic/truestudio for stm32 9.1.0/armtools/bin/../lib/gcc/arm-atollic-eabi/6.3.1/../../../../arm-atollic-eabi/lib/armv7-m\libc_nano.a(lib_a-memset.o)
 .ARM.attributes
                0x000004c1       0x1d c:/program files (x86)/atollic/truestudio for stm32 9.1.0/armtools/bin/../lib/gcc/arm-atollic-eabi/6.3.1/armv7-m\libgcc.a(_arm_addsubsf3.o)
 .ARM.attributes
                0x000004de       0x1d c:/program files (x86)/atollic/truestudio for stm32 9.1.0/armtools/bin/../lib/gcc/arm-atollic-eabi/6.3.1/armv7-m\libgcc.a(_arm_muldivsf3.o)
 .ARM.attributes
                0x000004fb       0x1d c:/program files (x86)/atollic/truestudio for stm32 9.1.0/armtools/bin/../lib/gcc/arm-atollic-eabi/6.3.1/armv7-m\libgcc.a(_arm_cmpsf2.o)
 .ARM.attributes
                0x00000518       0x1d c:/program files (x86)/atollic/truestudio for stm32 9.1.0/armtools/bin/../lib/gcc/arm-atollic-eabi/6.3.1/armv7-m\libgcc.a(_aeabi_ldivmod.o)
 .ARM.attributes
                0x00000535       0x2d c:/program files (x86)/atollic/truestudio for stm32 9.1.0/armtools/bin/../lib/gcc/arm-atollic-eabi/6.3.1/armv7-m\libgcc.a(_udivmoddi4.o)
 .ARM.attributes
                0x00000562       0x1d c:/program files (x86)/atollic/truestudio for stm32 9.1.0/armtools/bin/../lib/gcc/arm-atollic-eabi/6.3.1/armv7-m\libgcc.a(_dvmd_tls.o)
 .ARM.attributes
                0x0000057f       0x1d c:/program files (x86)/atollic/truestudio for stm32 9.1.0/armtools/bin/../lib/gcc/arm-atollic-eabi/6.3.1/armv7-m/crtn.o
OUTPUT(f103bme280.elf elf32-littlearm)

.debug_info     0x00000000    0x1b780
 .debug_info    0x00000000      0xfc8 Drivers\STM32F1xx_HAL_Driver\Src\stm32f1xx_hal.o
 .debug_info    0x00000fc8     0x14a9 Drivers\STM32F1xx_HAL_Driver\Src\stm32f1xx_hal_cortex.o
 .debug_info    0x00002471     0x1047 Drivers\STM32F1xx_HAL_Driver\Src\stm32f1xx_hal_dma.o
 .debug_info    0x000034b8      0xec2 Drivers\STM32F1xx_HAL_Driver\Src\stm32f1xx_hal_gpio.o
 .debug_info    0x0000437a     0x38ea Drivers\STM32F1xx_HAL_Driver\Src\stm32f1xx_hal_i2c.o
 .debug_info    0x00007c64     0x123d Drivers\STM32F1xx_HAL_Driver\Src\stm32f1xx_hal_rcc.o
 .debug_info    0x00008ea1     0x3bb9 Drivers\STM32F1xx_HAL_Driver\Src\stm32f1xx_hal_tim.o
 .debug_info    0x0000ca5a     0x1989 Drivers\STM32F1xx_HAL_Driver\Src\stm32f1xx_hal_tim_ex.o
 .debug_info    0x0000e3e3     0x1e46 Drivers\STM32F1xx_HAL_Driver\Src\stm32f1xx_hal_uart.o
 .debug_info    0x00010229     0x18ed Src\BMXX80.o
 .debug_info    0x00011b16      0xe30 Src\delays.o
 .debug_info    0x00012946      0xbf8 Src\dma.o
 .debug_info    0x0001353e      0xd9e Src\gpio.o
 .debug_info    0x000142dc     0x1365 Src\i2c.o
 .debug_info    0x00015641     0x18f5 Src\main.o
 .debug_info    0x00016f36      0xad2 Src\stm32f1xx_hal_msp.o
 .debug_info    0x00017a08      0xfa9 Src\stm32f1xx_it.o
 .debug_info    0x000189b1      0xc4d Src\system_stm32f1xx.o
 .debug_info    0x000195fe     0x108d Src\tim.o
 .debug_info    0x0001a68b     0x105e Src\usart.o
 .debug_info    0x0001b6e9       0x97 startup\startup_stm32f103xb.o

.debug_abbrev   0x00000000     0x3596
 .debug_abbrev  0x00000000      0x315 Drivers\STM32F1xx_HAL_Driver\Src\stm32f1xx_hal.o
 .debug_abbrev  0x00000315      0x399 Drivers\STM32F1xx_HAL_Driver\Src\stm32f1xx_hal_cortex.o
 .debug_abbrev  0x000006ae      0x29e Drivers\STM32F1xx_HAL_Driver\Src\stm32f1xx_hal_dma.o
 .debug_abbrev  0x0000094c      0x268 Drivers\STM32F1xx_HAL_Driver\Src\stm32f1xx_hal_gpio.o
 .debug_abbrev  0x00000bb4      0x3c1 Drivers\STM32F1xx_HAL_Driver\Src\stm32f1xx_hal_i2c.o
 .debug_abbrev  0x00000f75      0x367 Drivers\STM32F1xx_HAL_Driver\Src\stm32f1xx_hal_rcc.o
 .debug_abbrev  0x000012dc      0x3bb Drivers\STM32F1xx_HAL_Driver\Src\stm32f1xx_hal_tim.o
 .debug_abbrev  0x00001697      0x30d Drivers\STM32F1xx_HAL_Driver\Src\stm32f1xx_hal_tim_ex.o
 .debug_abbrev  0x000019a4      0x364 Drivers\STM32F1xx_HAL_Driver\Src\stm32f1xx_hal_uart.o
 .debug_abbrev  0x00001d08      0x36a Src\BMXX80.o
 .debug_abbrev  0x00002072      0x1bb Src\delays.o
 .debug_abbrev  0x0000222d      0x1f5 Src\dma.o
 .debug_abbrev  0x00002422      0x21e Src\gpio.o
 .debug_abbrev  0x00002640      0x267 Src\i2c.o
 .debug_abbrev  0x000028a7      0x269 Src\main.o
 .debug_abbrev  0x00002b10      0x1bc Src\stm32f1xx_hal_msp.o
 .debug_abbrev  0x00002ccc      0x24b Src\stm32f1xx_it.o
 .debug_abbrev  0x00002f17      0x1eb Src\system_stm32f1xx.o
 .debug_abbrev  0x00003102      0x235 Src\tim.o
 .debug_abbrev  0x00003337      0x24d Src\usart.o
 .debug_abbrev  0x00003584       0x12 startup\startup_stm32f103xb.o

.debug_loc      0x00000000     0x9949
 .debug_loc     0x00000000      0x11b Drivers\STM32F1xx_HAL_Driver\Src\stm32f1xx_hal.o
 .debug_loc     0x0000011b      0x46b Drivers\STM32F1xx_HAL_Driver\Src\stm32f1xx_hal_cortex.o
 .debug_loc     0x00000586      0x5d1 Drivers\STM32F1xx_HAL_Driver\Src\stm32f1xx_hal_dma.o
 .debug_loc     0x00000b57      0x36a Drivers\STM32F1xx_HAL_Driver\Src\stm32f1xx_hal_gpio.o
 .debug_loc     0x00000ec1     0x2bdf Drivers\STM32F1xx_HAL_Driver\Src\stm32f1xx_hal_i2c.o
 .debug_loc     0x00003aa0      0x4c3 Drivers\STM32F1xx_HAL_Driver\Src\stm32f1xx_hal_rcc.o
 .debug_loc     0x00003f63     0x300c Drivers\STM32F1xx_HAL_Driver\Src\stm32f1xx_hal_tim.o
 .debug_loc     0x00006f6f      0x822 Drivers\STM32F1xx_HAL_Driver\Src\stm32f1xx_hal_tim_ex.o
 .debug_loc     0x00007791     0x1311 Drivers\STM32F1xx_HAL_Driver\Src\stm32f1xx_hal_uart.o
 .debug_loc     0x00008aa2      0xd1f Src\BMXX80.o
 .debug_loc     0x000097c1       0x63 Src\i2c.o
 .debug_loc     0x00009824       0xcd Src\system_stm32f1xx.o
 .debug_loc     0x000098f1       0x58 Src\usart.o

.debug_aranges  0x00000000      0xb68
 .debug_aranges
                0x00000000       0xc8 Drivers\STM32F1xx_HAL_Driver\Src\stm32f1xx_hal.o
 .debug_aranges
                0x000000c8       0x90 Drivers\STM32F1xx_HAL_Driver\Src\stm32f1xx_hal_cortex.o
 .debug_aranges
                0x00000158       0x78 Drivers\STM32F1xx_HAL_Driver\Src\stm32f1xx_hal_dma.o
 .debug_aranges
                0x000001d0       0x58 Drivers\STM32F1xx_HAL_Driver\Src\stm32f1xx_hal_gpio.o
 .debug_aranges
                0x00000228      0x190 Drivers\STM32F1xx_HAL_Driver\Src\stm32f1xx_hal_i2c.o
 .debug_aranges
                0x000003b8       0x88 Drivers\STM32F1xx_HAL_Driver\Src\stm32f1xx_hal_rcc.o
 .debug_aranges
                0x00000440      0x250 Drivers\STM32F1xx_HAL_Driver\Src\stm32f1xx_hal_tim.o
 .debug_aranges
                0x00000690       0xe8 Drivers\STM32F1xx_HAL_Driver\Src\stm32f1xx_hal_tim_ex.o
 .debug_aranges
                0x00000778      0x170 Drivers\STM32F1xx_HAL_Driver\Src\stm32f1xx_hal_uart.o
 .debug_aranges
                0x000008e8       0x80 Src\BMXX80.o
 .debug_aranges
                0x00000968       0x20 Src\delays.o
 .debug_aranges
                0x00000988       0x20 Src\dma.o
 .debug_aranges
                0x000009a8       0x20 Src\gpio.o
 .debug_aranges
                0x000009c8       0x30 Src\i2c.o
 .debug_aranges
                0x000009f8       0x30 Src\main.o
 .debug_aranges
                0x00000a28       0x20 Src\stm32f1xx_hal_msp.o
 .debug_aranges
                0x00000a48       0x70 Src\stm32f1xx_it.o
 .debug_aranges
                0x00000ab8       0x28 Src\system_stm32f1xx.o
 .debug_aranges
                0x00000ae0       0x30 Src\tim.o
 .debug_aranges
                0x00000b10       0x30 Src\usart.o
 .debug_aranges
                0x00000b40       0x28 startup\startup_stm32f103xb.o

.debug_ranges   0x00000000     0x1078
 .debug_ranges  0x00000000       0xb8 Drivers\STM32F1xx_HAL_Driver\Src\stm32f1xx_hal.o
 .debug_ranges  0x000000b8      0x128 Drivers\STM32F1xx_HAL_Driver\Src\stm32f1xx_hal_cortex.o
 .debug_ranges  0x000001e0       0xa8 Drivers\STM32F1xx_HAL_Driver\Src\stm32f1xx_hal_dma.o
 .debug_ranges  0x00000288       0x60 Drivers\STM32F1xx_HAL_Driver\Src\stm32f1xx_hal_gpio.o
 .debug_ranges  0x000002e8      0x438 Drivers\STM32F1xx_HAL_Driver\Src\stm32f1xx_hal_i2c.o
 .debug_ranges  0x00000720       0xa0 Drivers\STM32F1xx_HAL_Driver\Src\stm32f1xx_hal_rcc.o
 .debug_ranges  0x000007c0      0x340 Drivers\STM32F1xx_HAL_Driver\Src\stm32f1xx_hal_tim.o
 .debug_ranges  0x00000b00       0xd8 Drivers\STM32F1xx_HAL_Driver\Src\stm32f1xx_hal_tim_ex.o
 .debug_ranges  0x00000bd8      0x190 Drivers\STM32F1xx_HAL_Driver\Src\stm32f1xx_hal_uart.o
 .debug_ranges  0x00000d68       0x88 Src\BMXX80.o
 .debug_ranges  0x00000df0       0x10 Src\delays.o
 .debug_ranges  0x00000e00       0x40 Src\dma.o
 .debug_ranges  0x00000e40       0x68 Src\gpio.o
 .debug_ranges  0x00000ea8       0x60 Src\i2c.o
 .debug_ranges  0x00000f08       0x20 Src\main.o
 .debug_ranges  0x00000f28       0x58 Src\stm32f1xx_hal_msp.o
 .debug_ranges  0x00000f80       0x60 Src\stm32f1xx_it.o
 .debug_ranges  0x00000fe0       0x18 Src\system_stm32f1xx.o
 .debug_ranges  0x00000ff8       0x20 Src\tim.o
 .debug_ranges  0x00001018       0x40 Src\usart.o
 .debug_ranges  0x00001058       0x20 startup\startup_stm32f103xb.o

.debug_line     0x00000000     0x7d72
 .debug_line    0x00000000      0x45f Drivers\STM32F1xx_HAL_Driver\Src\stm32f1xx_hal.o
 .debug_line    0x0000045f      0x469 Drivers\STM32F1xx_HAL_Driver\Src\stm32f1xx_hal_cortex.o
 .debug_line    0x000008c8      0x68f Drivers\STM32F1xx_HAL_Driver\Src\stm32f1xx_hal_dma.o
 .debug_line    0x00000f57      0x45e Drivers\STM32F1xx_HAL_Driver\Src\stm32f1xx_hal_gpio.o
 .debug_line    0x000013b5     0x1a8b Drivers\STM32F1xx_HAL_Driver\Src\stm32f1xx_hal_i2c.o
 .debug_line    0x00002e40      0x639 Drivers\STM32F1xx_HAL_Driver\Src\stm32f1xx_hal_rcc.o
 .debug_line    0x00003479     0x115f Drivers\STM32F1xx_HAL_Driver\Src\stm32f1xx_hal_tim.o
 .debug_line    0x000045d8      0x701 Drivers\STM32F1xx_HAL_Driver\Src\stm32f1xx_hal_tim_ex.o
 .debug_line    0x00004cd9      0xc45 Drivers\STM32F1xx_HAL_Driver\Src\stm32f1xx_hal_uart.o
 .debug_line    0x0000591e      0x552 Src\BMXX80.o
 .debug_line    0x00005e70      0x2c9 Src\delays.o
 .debug_line    0x00006139      0x292 Src\dma.o
 .debug_line    0x000063cb      0x2c9 Src\gpio.o
 .debug_line    0x00006694      0x37a Src\i2c.o
 .debug_line    0x00006a0e      0x3d7 Src\main.o
 .debug_line    0x00006de5      0x283 Src\stm32f1xx_hal_msp.o
 .debug_line    0x00007068      0x377 Src\stm32f1xx_it.o
 .debug_line    0x000073df      0x2bf Src\system_stm32f1xx.o
 .debug_line    0x0000769e      0x323 Src\tim.o
 .debug_line    0x000079c1      0x334 Src\usart.o
 .debug_line    0x00007cf5       0x7d startup\startup_stm32f103xb.o

.debug_str      0x00000000     0x44a9
 .debug_str     0x00000000      0xbec Drivers\STM32F1xx_HAL_Driver\Src\stm32f1xx_hal.o
                                0xc8d (size before relaxing)
 .debug_str     0x00000bec      0x2e1 Drivers\STM32F1xx_HAL_Driver\Src\stm32f1xx_hal_cortex.o
                                0xdb5 (size before relaxing)
 .debug_str     0x00000ecd      0x3e6 Drivers\STM32F1xx_HAL_Driver\Src\stm32f1xx_hal_dma.o
                                0xb19 (size before relaxing)
 .debug_str     0x000012b3      0x1cb Drivers\STM32F1xx_HAL_Driver\Src\stm32f1xx_hal_gpio.o
                                0x922 (size before relaxing)
 .debug_str     0x0000147e      0xa70 Drivers\STM32F1xx_HAL_Driver\Src\stm32f1xx_hal_i2c.o
                               0x13b8 (size before relaxing)
 .debug_str     0x00001eee      0x306 Drivers\STM32F1xx_HAL_Driver\Src\stm32f1xx_hal_rcc.o
                                0xb00 (size before relaxing)
 .debug_str     0x000021f4      0xf0d Drivers\STM32F1xx_HAL_Driver\Src\stm32f1xx_hal_tim.o
                               0x1851 (size before relaxing)
 .debug_str     0x00003101      0x4f1 Drivers\STM32F1xx_HAL_Driver\Src\stm32f1xx_hal_tim_ex.o
                               0x10f3 (size before relaxing)
 .debug_str     0x000035f2      0x6b9 Drivers\STM32F1xx_HAL_Driver\Src\stm32f1xx_hal_uart.o
                               0x106a (size before relaxing)
 .debug_str     0x00003cab      0x27e Src\BMXX80.o
                                0xe20 (size before relaxing)
 .debug_str     0x00003f29       0x16 Src\delays.o
                                0xa80 (size before relaxing)
 .debug_str     0x00003f3f       0x19 Src\dma.o
                                0x9f7 (size before relaxing)
 .debug_str     0x00003f58       0x2b Src\gpio.o
                                0xa98 (size before relaxing)
 .debug_str     0x00003f83       0x52 Src\i2c.o
                                0xf87 (size before relaxing)
 .debug_str     0x00003fd5      0x323 Src\main.o
                               0x1408 (size before relaxing)
 .debug_str     0x000042f8       0x1b Src\stm32f1xx_hal_msp.o
                                0x736 (size before relaxing)
 .debug_str     0x00004313      0x113 Src\stm32f1xx_it.o
                                0xc9c (size before relaxing)
 .debug_str     0x00004426       0x4d Src\system_stm32f1xx.o
                                0x78b (size before relaxing)
 .debug_str     0x00004473       0x1c Src\tim.o
                                0xc24 (size before relaxing)
 .debug_str     0x0000448f       0x1a Src\usart.o
                                0xb6a (size before relaxing)

.comment        0x00000000       0x7c
 .comment       0x00000000       0x7c Drivers\STM32F1xx_HAL_Driver\Src\stm32f1xx_hal.o
                                 0x7d (size before relaxing)
 .comment       0x0000007c       0x7d Drivers\STM32F1xx_HAL_Driver\Src\stm32f1xx_hal_cortex.o
 .comment       0x0000007c       0x7d Drivers\STM32F1xx_HAL_Driver\Src\stm32f1xx_hal_dma.o
 .comment       0x0000007c       0x7d Drivers\STM32F1xx_HAL_Driver\Src\stm32f1xx_hal_gpio.o
 .comment       0x0000007c       0x7d Drivers\STM32F1xx_HAL_Driver\Src\stm32f1xx_hal_i2c.o
 .comment       0x0000007c       0x7d Drivers\STM32F1xx_HAL_Driver\Src\stm32f1xx_hal_rcc.o
 .comment       0x0000007c       0x7d Drivers\STM32F1xx_HAL_Driver\Src\stm32f1xx_hal_tim.o
 .comment       0x0000007c       0x7d Drivers\STM32F1xx_HAL_Driver\Src\stm32f1xx_hal_tim_ex.o
 .comment       0x0000007c       0x7d Drivers\STM32F1xx_HAL_Driver\Src\stm32f1xx_hal_uart.o
 .comment       0x0000007c       0x7d Src\BMXX80.o
 .comment       0x0000007c       0x7d Src\delays.o
 .comment       0x0000007c       0x7d Src\dma.o
 .comment       0x0000007c       0x7d Src\gpio.o
 .comment       0x0000007c       0x7d Src\i2c.o
 .comment       0x0000007c       0x7d Src\main.o
 .comment       0x0000007c       0x7d Src\stm32f1xx_hal_msp.o
 .comment       0x0000007c       0x7d Src\stm32f1xx_it.o
 .comment       0x0000007c       0x7d Src\system_stm32f1xx.o
 .comment       0x0000007c       0x7d Src\tim.o
 .comment       0x0000007c       0x7d Src\usart.o

.debug_frame    0x00000000     0x2398
 .debug_frame   0x00000000      0x1b0 Drivers\STM32F1xx_HAL_Driver\Src\stm32f1xx_hal.o
 .debug_frame   0x000001b0      0x120 Drivers\STM32F1xx_HAL_Driver\Src\stm32f1xx_hal_cortex.o
 .debug_frame   0x000002d0      0x144 Drivers\STM32F1xx_HAL_Driver\Src\stm32f1xx_hal_dma.o
 .debug_frame   0x00000414       0xd4 Drivers\STM32F1xx_HAL_Driver\Src\stm32f1xx_hal_gpio.o
 .debug_frame   0x000004e8      0x684 Drivers\STM32F1xx_HAL_Driver\Src\stm32f1xx_hal_i2c.o
 .debug_frame   0x00000b6c      0x150 Drivers\STM32F1xx_HAL_Driver\Src\stm32f1xx_hal_rcc.o
 .debug_frame   0x00000cbc      0x854 Drivers\STM32F1xx_HAL_Driver\Src\stm32f1xx_hal_tim.o
 .debug_frame   0x00001510      0x320 Drivers\STM32F1xx_HAL_Driver\Src\stm32f1xx_hal_tim_ex.o
 .debug_frame   0x00001830      0x4a0 Drivers\STM32F1xx_HAL_Driver\Src\stm32f1xx_hal_uart.o
 .debug_frame   0x00001cd0      0x180 Src\BMXX80.o
 .debug_frame   0x00001e50       0x20 Src\delays.o
 .debug_frame   0x00001e70       0x28 Src\dma.o
 .debug_frame   0x00001e98       0x30 Src\gpio.o
 .debug_frame   0x00001ec8       0x70 Src\i2c.o
 .debug_frame   0x00001f38       0x58 Src\main.o
 .debug_frame   0x00001f90       0x28 Src\stm32f1xx_hal_msp.o
 .debug_frame   0x00001fb8       0xf0 Src\stm32f1xx_it.o
 .debug_frame   0x000020a8       0x30 Src\system_stm32f1xx.o
 .debug_frame   0x000020d8       0x50 Src\tim.o
 .debug_frame   0x00002128       0x60 Src\usart.o
 .debug_frame   0x00002188       0x2c c:/program files (x86)/atollic/truestudio for stm32 9.1.0/armtools/bin/../lib/gcc/arm-atollic-eabi/6.3.1/../../../../arm-atollic-eabi/lib/armv7-m\libc_nano.a(lib_a-init.o)
 .debug_frame   0x000021b4       0x20 c:/program files (x86)/atollic/truestudio for stm32 9.1.0/armtools/bin/../lib/gcc/arm-atollic-eabi/6.3.1/../../../../arm-atollic-eabi/lib/armv7-m\libc_nano.a(lib_a-memset.o)
 .debug_frame   0x000021d4       0x4c c:/program files (x86)/atollic/truestudio for stm32 9.1.0/armtools/bin/../lib/gcc/arm-atollic-eabi/6.3.1/armv7-m\libgcc.a(_arm_addsubsf3.o)
 .debug_frame   0x00002220       0x38 c:/program files (x86)/atollic/truestudio for stm32 9.1.0/armtools/bin/../lib/gcc/arm-atollic-eabi/6.3.1/armv7-m\libgcc.a(_arm_muldivsf3.o)
 .debug_frame   0x00002258       0xc8 c:/program files (x86)/atollic/truestudio for stm32 9.1.0/armtools/bin/../lib/gcc/arm-atollic-eabi/6.3.1/armv7-m\libgcc.a(_arm_cmpsf2.o)
 .debug_frame   0x00002320       0x44 c:/program files (x86)/atollic/truestudio for stm32 9.1.0/armtools/bin/../lib/gcc/arm-atollic-eabi/6.3.1/armv7-m\libgcc.a(_aeabi_ldivmod.o)
 .debug_frame   0x00002364       0x34 c:/program files (x86)/atollic/truestudio for stm32 9.1.0/armtools/bin/../lib/gcc/arm-atollic-eabi/6.3.1/armv7-m\libgcc.a(_udivmoddi4.o)
