Archive member included to satisfy reference by file (symbol)

c:/program files (x86)/atollic/truestudio for stm32 9.1.0/armtools/bin/../lib/gcc/arm-atollic-eabi/6.3.1/../../../../arm-atollic-eabi/lib/armv7-m\libc_nano.a(lib_a-errno.o)
                              Src\syscalls.o (__errno)
c:/program files (x86)/atollic/truestudio for stm32 9.1.0/armtools/bin/../lib/gcc/arm-atollic-eabi/6.3.1/../../../../arm-atollic-eabi/lib/armv7-m\libc_nano.a(lib_a-impure.o)
                              c:/program files (x86)/atollic/truestudio for stm32 9.1.0/armtools/bin/../lib/gcc/arm-atollic-eabi/6.3.1/../../../../arm-atollic-eabi/lib/armv7-m\libc_nano.a(lib_a-errno.o) (_impure_ptr)
c:/program files (x86)/atollic/truestudio for stm32 9.1.0/armtools/bin/../lib/gcc/arm-atollic-eabi/6.3.1/../../../../arm-atollic-eabi/lib/armv7-m\libc_nano.a(lib_a-init.o)
                              startup\startup_stm32f103xb.o (__libc_init_array)
c:/program files (x86)/atollic/truestudio for stm32 9.1.0/armtools/bin/../lib/gcc/arm-atollic-eabi/6.3.1/../../../../arm-atollic-eabi/lib/armv7-m\libc_nano.a(lib_a-memset.o)
                              Drivers\STM32F1xx_HAL_Driver\Src\stm32f1xx_hal_rcc.o (memset)
c:/program files (x86)/atollic/truestudio for stm32 9.1.0/armtools/bin/../lib/gcc/arm-atollic-eabi/6.3.1/../../../../arm-atollic-eabi/lib/armv7-m\libm.a(lib_a-w_pow.o)
                              Src\BMXX80.o (pow)
c:/program files (x86)/atollic/truestudio for stm32 9.1.0/armtools/bin/../lib/gcc/arm-atollic-eabi/6.3.1/../../../../arm-atollic-eabi/lib/armv7-m\libm.a(lib_a-e_pow.o)
                              c:/program files (x86)/atollic/truestudio for stm32 9.1.0/armtools/bin/../lib/gcc/arm-atollic-eabi/6.3.1/../../../../arm-atollic-eabi/lib/armv7-m\libm.a(lib_a-w_pow.o) (__ieee754_pow)
c:/program files (x86)/atollic/truestudio for stm32 9.1.0/armtools/bin/../lib/gcc/arm-atollic-eabi/6.3.1/../../../../arm-atollic-eabi/lib/armv7-m\libm.a(lib_a-e_sqrt.o)
                              c:/program files (x86)/atollic/truestudio for stm32 9.1.0/armtools/bin/../lib/gcc/arm-atollic-eabi/6.3.1/../../../../arm-atollic-eabi/lib/armv7-m\libm.a(lib_a-e_pow.o) (__ieee754_sqrt)
c:/program files (x86)/atollic/truestudio for stm32 9.1.0/armtools/bin/../lib/gcc/arm-atollic-eabi/6.3.1/../../../../arm-atollic-eabi/lib/armv7-m\libm.a(lib_a-s_fabs.o)
                              c:/program files (x86)/atollic/truestudio for stm32 9.1.0/armtools/bin/../lib/gcc/arm-atollic-eabi/6.3.1/../../../../arm-atollic-eabi/lib/armv7-m\libm.a(lib_a-e_pow.o) (fabs)
c:/program files (x86)/atollic/truestudio for stm32 9.1.0/armtools/bin/../lib/gcc/arm-atollic-eabi/6.3.1/../../../../arm-atollic-eabi/lib/armv7-m\libm.a(lib_a-s_finite.o)
                              c:/program files (x86)/atollic/truestudio for stm32 9.1.0/armtools/bin/../lib/gcc/arm-atollic-eabi/6.3.1/../../../../arm-atollic-eabi/lib/armv7-m\libm.a(lib_a-w_pow.o) (finite)
c:/program files (x86)/atollic/truestudio for stm32 9.1.0/armtools/bin/../lib/gcc/arm-atollic-eabi/6.3.1/../../../../arm-atollic-eabi/lib/armv7-m\libm.a(lib_a-s_lib_ver.o)
                              c:/program files (x86)/atollic/truestudio for stm32 9.1.0/armtools/bin/../lib/gcc/arm-atollic-eabi/6.3.1/../../../../arm-atollic-eabi/lib/armv7-m\libm.a(lib_a-w_pow.o) (__fdlib_version)
c:/program files (x86)/atollic/truestudio for stm32 9.1.0/armtools/bin/../lib/gcc/arm-atollic-eabi/6.3.1/../../../../arm-atollic-eabi/lib/armv7-m\libm.a(lib_a-s_matherr.o)
                              c:/program files (x86)/atollic/truestudio for stm32 9.1.0/armtools/bin/../lib/gcc/arm-atollic-eabi/6.3.1/../../../../arm-atollic-eabi/lib/armv7-m\libm.a(lib_a-w_pow.o) (matherr)
c:/program files (x86)/atollic/truestudio for stm32 9.1.0/armtools/bin/../lib/gcc/arm-atollic-eabi/6.3.1/../../../../arm-atollic-eabi/lib/armv7-m\libm.a(lib_a-s_nan.o)
                              c:/program files (x86)/atollic/truestudio for stm32 9.1.0/armtools/bin/../lib/gcc/arm-atollic-eabi/6.3.1/../../../../arm-atollic-eabi/lib/armv7-m\libm.a(lib_a-e_pow.o) (nan)
c:/program files (x86)/atollic/truestudio for stm32 9.1.0/armtools/bin/../lib/gcc/arm-atollic-eabi/6.3.1/../../../../arm-atollic-eabi/lib/armv7-m\libm.a(lib_a-s_rint.o)
                              c:/program files (x86)/atollic/truestudio for stm32 9.1.0/armtools/bin/../lib/gcc/arm-atollic-eabi/6.3.1/../../../../arm-atollic-eabi/lib/armv7-m\libm.a(lib_a-w_pow.o) (rint)
c:/program files (x86)/atollic/truestudio for stm32 9.1.0/armtools/bin/../lib/gcc/arm-atollic-eabi/6.3.1/../../../../arm-atollic-eabi/lib/armv7-m\libm.a(lib_a-s_scalbn.o)
                              c:/program files (x86)/atollic/truestudio for stm32 9.1.0/armtools/bin/../lib/gcc/arm-atollic-eabi/6.3.1/../../../../arm-atollic-eabi/lib/armv7-m\libm.a(lib_a-e_pow.o) (scalbn)
c:/program files (x86)/atollic/truestudio for stm32 9.1.0/armtools/bin/../lib/gcc/arm-atollic-eabi/6.3.1/../../../../arm-atollic-eabi/lib/armv7-m\libm.a(lib_a-s_copysign.o)
[...]
Memory Configuration

Name             Origin             Length             Attributes
RAM              0x20000000         0x00005000         xrw
FLASH            0x08000000         0x00020000         xr
*default*        0x00000000         0xffffffff

Linker script and memory map

LOAD c:/program files (x86)/atollic/truestudio for stm32 9.1.0/armtools/bin/../lib/gcc/arm-atollic-eabi/6.3.1/armv7-m/crti.o
LOAD c:/program files (x86)/atollic/truestudio for stm32 9.1.0/armtools/bin/../lib/gcc/arm-atollic-eabi/6.3.1/armv7-m/crtbegin.o
LOAD Drivers\STM32F1xx_HAL_Driver\Src\stm32f1xx_hal.o
LOAD Drivers\STM32F1xx_HAL_Driver\Src\stm32f1xx_hal_cortex.o
LOAD Drivers\STM32F1xx_HAL_Driver\Src\stm32f1xx_hal_dma.o
LOAD Drivers\STM32F1xx_HAL_Driver\Src\stm32f1xx_hal_flash.o
LOAD Drivers\STM32F1xx_HAL_Driver\Src\stm32f1xx_hal_flash_ex.o
LOAD Drivers\STM32F1xx_HAL_Driver\Src\stm32f1xx_hal_gpio.o
LOAD Drivers\STM32F1xx_HAL_Driver\Src\stm32f1xx_hal_gpio_ex.o
LOAD Drivers\STM32F1xx_HAL_Driver\Src\stm32f1xx_hal_i2c.o
LOAD Drivers\STM32F1xx_HAL_Driver\Src\stm32f1xx_hal_pwr.o
LOAD Drivers\STM32F1xx_HAL_Driver\Src\stm32f1xx_hal_rcc.o
LOAD Drivers\STM32F1xx_HAL_Driver\Src\stm32f1xx_hal_rcc_ex.o
LOAD Drivers\STM32F1xx_HAL_Driver\Src\stm32f1xx_hal_tim.o
LOAD Drivers\STM32F1xx_HAL_Driver\Src\stm32f1xx_hal_tim_ex.o
LOAD Drivers\STM32F1xx_HAL_Driver\Src\stm32f1xx_hal_uart.o
LOAD Src\BMXX80.o
LOAD Src\delays.o
LOAD Src\gpio.o
LOAD Src\i2c.o
LOAD Src\main.o
LOAD Src\stm32f1xx_hal_msp.o
LOAD Src\stm32f1xx_it.o
LOAD Src\syscalls.o
LOAD Src\system_stm32f1xx.o
LOAD Src\tim.o
LOAD Src\usart.o
LOAD startup\startup_stm32f103xb.o
                0x00000080                malloc_getpagesize_P = 0x80
START GROUP
LOAD c:/program files (x86)/atollic/truestudio for stm32 9.1.0/armtools/bin/../lib/gcc/arm-atollic-eabi/6.3.1/../../../../arm-atollic-eabi/lib/armv7-m\libc_nano.a
LOAD c:/program files (x86)/atollic/truestudio for stm32 9.1.0/armtools/bin/../lib/gcc/arm-atollic-eabi/6.3.1/../../../../arm-atollic-eabi/lib/armv7-m\libm.a
END GROUP
START GROUP
LOAD c:/program files (x86)/atollic/truestudio for stm32 9.1.0/armtools/bin/../lib/gcc/arm-atollic-eabi/6.3.1/armv7-m\libgcc.a
LOAD c:/program files (x86)/atollic/truestudio for stm32 9.1.0/armtools/bin/../lib/gcc/arm-atollic-eabi/6.3.1/../../../../arm-atollic-eabi/lib/armv7-m\libc_nano.a
END GROUP
START GROUP
LOAD c:/program files (x86)/atollic/truestudio for stm32 9.1.0/armtools/bin/../lib/gcc/arm-atollic-eabi/6.3.1/armv7-m\libgcc.a
LOAD c:/program files (x86)/atollic/truestudio for stm32 9.1.0/armtools/bin/../lib/gcc/arm-atollic-eabi/6.3.1/../../../../arm-atollic-eabi/lib/armv7-m\libc_nano.a
LOAD c:/program files (x86)/atollic/truestudio for stm32 9.1.0/armtools/bin/../lib/gcc/arm-atollic-eabi/6.3.1/../../../../arm-atollic-eabi/lib/armv7-m\libnosys.a
END GROUP
START GROUP
LOAD c:/program files (x86)/atollic/truestudio for stm32 9.1.0/armtools/bin/../lib/gcc/arm-atollic-eabi/6.3.1/armv7-m\libgcc.a
LOAD c:/program files (x86)/atollic/truestudio for stm32 9.1.0/armtools/bin/../lib/gcc/arm-atollic-eabi/6.3.1/../../../../arm-atollic-eabi/lib/armv7-m\libc_nano.a
LOAD c:/program files (x86)/atollic/truestudio for stm32 9.1.0/armtools/bin/../lib/gcc/arm-atollic-eabi/6.3.1/../../../../arm-atollic-eabi/lib/armv7-m\libnosys.a
END GROUP
LOAD c:/program files (x86)/atollic/truestudio for stm32 9.1.0/armtools/bin/../lib/gcc/arm-atollic-eabi/6.3.1/armv7-m/crtend.o
LOAD c:/program files (x86)/atollic/truestudio for stm32 9.1.0/armtools/bin/../lib/gcc/arm-atollic-eabi/6.3.1/armv7-m/crtn.o
                0x20005000                _estack = 0x20005000
                0x00000200                _Min_Heap_Size = 0x200
                0x00000400                _Min_Stack_Size = 0x400

.isr_vector     0x08000000      0x10c
                0x08000000                . = ALIGN (0x4)
 *(.isr_vector)
 .isr_vector    0x08000000      0x10c startup\startup_stm32f103xb.o
                0x08000000                g_pfnVectors
                0x0800010c                . = ALIGN (0x4)

.text           0x0800010c     0x28f4
                0x0800010c                . = ALIGN (0x4)
 *(.text)
 .text          0x0800010c       0x40 c:/program files (x86)/atollic/truestudio for stm32 9.1.0/armtools/bin/../lib/gcc/arm-atollic-eabi/6.3.1/armv7-m/crtbegin.o
 .text          0x0800014c      0x21c c:/program files (x86)/atollic/truestudio for stm32 9.1.0/armtools/bin/../lib/gcc/arm-atollic-eabi/6.3.1/armv7-m\libgcc.a(_arm_addsubsf3.o)
                0x0800014c                __aeabi_frsub
                0x08000154                __subsf3
                0x08000154                __aeabi_fsub
                0x08000158                __aeabi_fadd
                0x08000158                __addsf3
                0x080002b8                __aeabi_ui2f
                0x080002b8                __floatunsisf
                0x080002c0                __aeabi_i2f
                0x080002c0                __floatsisf
                0x080002dc                __aeabi_ul2f
                0x080002dc                __floatundisf
                0x080002ec                __aeabi_l2f
                0x080002ec                __floatdisf
 .text          0x08000368      0x2a0 c:/program files (x86)/atollic/truestudio for stm32 9.1.0/armtools/bin/../lib/gcc/arm-atollic-eabi/6.3.1/armv7-m\libgcc.a(_arm_muldivsf3.o)
                0x08000368                __mulsf3
                0x08000368                __aeabi_fmul
                0x080004d0                __aeabi_fdiv
                0x080004d0                __divsf3
 .text          0x08000608       0xec c:/program files (x86)/atollic/truestudio for stm32 9.1.0/armtools/bin/../lib/gcc/arm-atollic-eabi/6.3.1/armv7-m\libgcc.a(_arm_cmpsf2.o)
                0x08000608                __gesf2
                0x08000608                __gtsf2
                0x08000610                __lesf2
                0x08000610                __ltsf2
                0x08000618                __nesf2
                0x08000618                __eqsf2
                0x08000618                __cmpsf2
                0x08000678                __aeabi_cfrcmple
                0x08000680                __aeabi_cfcmpeq
                0x08000680                __aeabi_cfcmple
                0x08000690                __aeabi_fcmpeq
                0x080006a4                __aeabi_fcmplt
                0x080006b8                __aeabi_fcmple
                0x080006cc                __aeabi_fcmpge
                0x080006e0                __aeabi_fcmpgt
 .text          0x080006f4       0xa0 c:/program files (x86)/atollic/truestudio for stm32 9.1.0/armtools/bin/../lib/gcc/arm-atollic-eabi/6.3.1/armv7-m\libgcc.a(_aeabi_ldivmod.o)
                0x080006f4                __aeabi_ldivmod
 .text          0x08000794      0x2dc c:/program files (x86)/atollic/truestudio for stm32 9.1.0/armtools/bin/../lib/gcc/arm-atollic-eabi/6.3.1/armv7-m\libgcc.a(_udivmoddi4.o)
                0x08000794                __udivmoddi4
 .text          0x08000a70        0x4 c:/program files (x86)/atollic/truestudio for stm32 9.1.0/armtools/bin/../lib/gcc/arm-atollic-eabi/6.3.1/armv7-m\libgcc.a(_dvmd_tls.o)
                0x08000a70                __aeabi_idiv0
                0x08000a70                __aeabi_ldiv0
 *(.text*)
 .text.HAL_InitTick
                0x08000a74       0x48 Drivers\STM32F1xx_HAL_Driver\Src\stm32f1xx_hal.o
                0x08000a74                HAL_InitTick
 .text.HAL_Init
                0x08000abc       0x24 Drivers\STM32F1xx_HAL_Driver\Src\stm32f1xx_hal.o
                0x08000abc                HAL_Init
 .text.HAL_IncTick
                0x08000ae0       0x18 Drivers\STM32F1xx_HAL_Driver\Src\stm32f1xx_hal.o
                0x08000ae0                HAL_IncTick
 .text.HAL_GetTick
                0x08000af8        0xc Drivers\STM32F1xx_HAL_Driver\Src\stm32f1xx_hal.o
                0x08000af8                HAL_GetTick
 .text.HAL_Delay
                0x08000b04       0x24 Drivers\STM32F1xx_HAL_Driver\Src\stm32f1xx_hal.o
                0x08000b04                HAL_Delay
 .text.HAL_NVIC_SetPriorityGrouping
                0x08000b28       0x24 Drivers\STM32F1xx_HAL_Driver\Src\stm32f1xx_hal_cortex.o
                0x08000b28                HAL_NVIC_SetPriorityGrouping
 .text.HAL_NVIC_SetPriority
                0x08000b4c       0x68 Drivers\STM32F1xx_HAL_Driver\Src\stm32f1xx_hal_cortex.o
                0x08000b4c                HAL_NVIC_SetPriority
 .text.HAL_NVIC_EnableIRQ
                0x08000bb4       0x18 Drivers\STM32F1xx_HAL_Driver\Src\stm32f1xx_hal_cortex.o
                0x08000bb4                HAL_NVIC_EnableIRQ
 .text.HAL_SYSTICK_Config
                0x08000bcc       0x2c Drivers\STM32F1xx_HAL_Driver\Src\stm32f1xx_hal_cortex.o
                0x08000bcc                HAL_SYSTICK_Config
 .text.HAL_GPIO_Init
                0x08000bf8      0x1c0 Drivers\STM32F1xx_HAL_Driver\Src\stm32f1xx_hal_gpio.o
                0x08000bf8                HAL_GPIO_Init
 .text.HAL_GPIO_WritePin
                0x08000db8        0xa Drivers\STM32F1xx_HAL_Driver\Src\stm32f1xx_hal_gpio.o
                0x08000db8                HAL_GPIO_WritePin
 .text.HAL_GPIO_TogglePin
                0x08000dc2        0x8 Drivers\STM32F1xx_HAL_Driver\Src\stm32f1xx_hal_gpio.o
                0x08000dc2                HAL_GPIO_TogglePin
 .text.HAL_GPIO_EXTI_Callback
                0x08000dca        0x2 Drivers\STM32F1xx_HAL_Driver\Src\stm32f1xx_hal_gpio.o
                0x08000dca                HAL_GPIO_EXTI_Callback
 .text.HAL_GPIO_EXTI_IRQHandler
                0x08000dcc       0x18 Drivers\STM32F1xx_HAL_Driver\Src\stm32f1xx_hal_gpio.o
                0x08000dcc                HAL_GPIO_EXTI_IRQHandler
 .text.I2C_IsAcknowledgeFailed
                0x08000de4       0x2a Drivers\STM32F1xx_HAL_Driver\Src\stm32f1xx_hal_i2c.o
 .text.I2C_WaitOnMasterAddressFlagUntilTimeout
                0x08000e0e       0x80 Drivers\STM32F1xx_HAL_Driver\Src\stm32f1xx_hal_i2c.o
 .text.I2C_WaitOnFlagUntilTimeout
                0x08000e8e       0x5c Drivers\STM32F1xx_HAL_Driver\Src\stm32f1xx_hal_i2c.o
 .text.I2C_WaitOnTXEFlagUntilTimeout
                0x08000eea       0x4c Drivers\STM32F1xx_HAL_Driver\Src\stm32f1xx_hal_i2c.o
 *fill*         0x08000f36        0x2 
 .text.I2C_RequestMemoryWrite
                0x08000f38       0xa4 Drivers\STM32F1xx_HAL_Driver\Src\stm32f1xx_hal_i2c.o
 .text.I2C_RequestMemoryRead
                0x08000fdc       0xf4 Drivers\STM32F1xx_HAL_Driver\Src\stm32f1xx_hal_i2c.o
 .text.I2C_WaitOnRXNEFlagUntilTimeout
                0x080010d0       0x5a Drivers\STM32F1xx_HAL_Driver\Src\stm32f1xx_hal_i2c.o
 .text.I2C_WaitOnBTFFlagUntilTimeout
                0x0800112a       0x4c Drivers\STM32F1xx_HAL_Driver\Src\stm32f1xx_hal_i2c.o
 *fill*         0x08001176        0x2 
 .text.HAL_I2C_Init
                0x08001178      0x100 Drivers\STM32F1xx_HAL_Driver\Src\stm32f1xx_hal_i2c.o
                0x08001178                HAL_I2C_Init
 .text.HAL_I2C_Mem_Write
                0x08001278      0x12c Drivers\STM32F1xx_HAL_Driver\Src\stm32f1xx_hal_i2c.o
                0x08001278                HAL_I2C_Mem_Write
 .text.HAL_I2C_Mem_Read
                0x080013a4      0x240 Drivers\STM32F1xx_HAL_Driver\Src\stm32f1xx_hal_i2c.o
                0x080013a4                HAL_I2C_Mem_Read
 .text.HAL_RCC_OscConfig
                0x080015e4      0x318 Drivers\STM32F1xx_HAL_Driver\Src\stm32f1xx_hal_rcc.o
                0x080015e4                HAL_RCC_OscConfig
 .text.HAL_RCC_GetSysClockFreq
                0x080018fc       0x78 Drivers\STM32F1xx_HAL_Driver\Src\stm32f1xx_hal_rcc.o
                0x080018fc                HAL_RCC_GetSysClockFreq
 .text.HAL_RCC_ClockConfig
                0x08001974      0x164 Drivers\STM32F1xx_HAL_Driver\Src\stm32f1xx_hal_rcc.o
                0x08001974                HAL_RCC_ClockConfig
 .text.HAL_RCC_GetPCLK1Freq
                0x08001ad8       0x20 Drivers\STM32F1xx_HAL_Driver\Src\stm32f1xx_hal_rcc.o
                0x08001ad8                HAL_RCC_GetPCLK1Freq
 .text.HAL_RCC_GetPCLK2Freq
                0x08001af8       0x20 Drivers\STM32F1xx_HAL_Driver\Src\stm32f1xx_hal_rcc.o
                0x08001af8                HAL_RCC_GetPCLK2Freq
 .text.HAL_TIM_Base_Start
                0x08001b18       0x1a Drivers\STM32F1xx_HAL_Driver\Src\stm32f1xx_hal_tim.o
                0x08001b18                HAL_TIM_Base_Start
 .text.HAL_TIM_ConfigClockSource
                0x08001b32      0x172 Drivers\STM32F1xx_HAL_Driver\Src\stm32f1xx_hal_tim.o
                0x08001b32                HAL_TIM_ConfigClockSource
 .text.TIM_Base_SetConfig
                0x08001ca4       0x70 Drivers\STM32F1xx_HAL_Driver\Src\stm32f1xx_hal_tim.o
                0x08001ca4                TIM_Base_SetConfig
 .text.HAL_TIM_Base_Init
                0x08001d14       0x34 Drivers\STM32F1xx_HAL_Driver\Src\stm32f1xx_hal_tim.o
                0x08001d14                HAL_TIM_Base_Init
 .text.HAL_TIMEx_MasterConfigSynchronization
                0x08001d48       0x44 Drivers\STM32F1xx_HAL_Driver\Src\stm32f1xx_hal_tim_ex.o
                0x08001d48                HAL_TIMEx_MasterConfigSynchronization
 .text.UART_SetConfig
                0x08001d8c      0x13c Drivers\STM32F1xx_HAL_Driver\Src\stm32f1xx_hal_uart.o
 .text.HAL_UART_Init
                0x08001ec8       0x5c Drivers\STM32F1xx_HAL_Driver\Src\stm32f1xx_hal_uart.o
                0x08001ec8                HAL_UART_Init
 .text.BME280_Read8
                0x08001f24       0x30 Src\BMXX80.o
                0x08001f24                BME280_Read8
 .text.BME280_Read16
                0x08001f54       0x34 Src\BMXX80.o
                0x08001f54                BME280_Read16
 .text.BME280_Read16LE
                0x08001f88        0xc Src\BMXX80.o
                0x08001f88                BME280_Read16LE
 .text.BME280_Write8
                0x08001f94       0x28 Src\BMXX80.o
                0x08001f94                BME280_Write8
 .text.BME280_Read24
                0x08001fbc       0x3c Src\BMXX80.o
                0x08001fbc                BME280_Read24
 .text.BME280_IsReadingCalibration
                0x08001ff8        0xe Src\BMXX80.o
                0x08001ff8                BME280_IsReadingCalibration
 .text.BME280_SetConfig
                0x08002006       0x14 Src\BMXX80.o
                0x08002006                BME280_SetConfig
 *fill*         0x0800201a        0x2 
 .text.BME280_Init
                0x0800201c      0x1f4 Src\BMXX80.o
                0x0800201c                BME280_Init
 .text.BME280_ReadTemperature
                0x08002210       0xa4 Src\BMXX80.o
                0x08002210                BME280_ReadTemperature
 .text.BME280_ReadTemperatureAndPressureAndHuminidity
                0x080022b4      0x274 Src\BMXX80.o
                0x080022b4                BME280_ReadTemperatureAndPressureAndHuminidity
 .text.Delay_us
                0x08002528       0x14 Src\delays.o
                0x08002528                Delay_us
 .text.MX_GPIO_Init
                0x0800253c       0xb8 Src\gpio.o
                0x0800253c                MX_GPIO_Init
 .text.MX_I2C1_Init
                0x080025f4       0x40 Src\i2c.o
                0x080025f4                MX_I2C1_Init
 .text.HAL_I2C_MspInit
                0x08002634       0x64 Src\i2c.o
                0x08002634                HAL_I2C_MspInit
 .text.SystemClock_Config
                0x08002698       0x50 Src\main.o
                0x08002698                SystemClock_Config
 .text.startup.main
                0x080026e8       0x84 Src\main.o
                0x080026e8                main
 .text.Error_Handler
                0x0800276c        0x2 Src\main.o
                0x0800276c                Error_Handler
 *fill*         0x0800276e        0x2 
 .text.HAL_MspInit
                0x08002770       0x44 Src\stm32f1xx_hal_msp.o
                0x08002770                HAL_MspInit
 .text.NMI_Handler
                0x080027b4        0x2 Src\stm32f1xx_it.o
                0x080027b4                NMI_Handler
 .text.HardFault_Handler
                0x080027b6        0x2 Src\stm32f1xx_it.o
                0x080027b6                HardFault_Handler
 .text.MemManage_Handler
                0x080027b8        0x2 Src\stm32f1xx_it.o
                0x080027b8                MemManage_Handler
 .text.BusFault_Handler
                0x080027ba        0x2 Src\stm32f1xx_it.o
                0x080027ba                BusFault_Handler
 .text.UsageFault_Handler
                0x080027bc        0x2 Src\stm32f1xx_it.o
                0x080027bc                UsageFault_Handler
 .text.SVC_Handler
                0x080027be        0x2 Src\stm32f1xx_it.o
                0x080027be                SVC_Handler
 .text.DebugMon_Handler
                0x080027c0        0x2 Src\stm32f1xx_it.o
                0x080027c0                DebugMon_Handler
 .text.PendSV_Handler
                0x080027c2        0x2 Src\stm32f1xx_it.o
                0x080027c2                PendSV_Handler
 .text.SysTick_Handler
                0x080027c4        0x4 Src\stm32f1xx_it.o
                0x080027c4                SysTick_Handler
 .text.EXTI15_10_IRQHandler
                0x080027c8        0x8 Src\stm32f1xx_it.o
                0x080027c8                EXTI15_10_IRQHandler
 .text.SystemInit
                0x080027d0       0x4c Src\system_stm32f1xx.o
                0x080027d0                SystemInit
 .text.MX_TIM3_Init
                0x0800281c       0x68 Src\tim.o
                0x0800281c                MX_TIM3_Init
 .text.HAL_TIM_Base_MspInit
                0x08002884       0x28 Src\tim.o
                0x08002884                HAL_TIM_Base_MspInit
 .text.MX_USART2_UART_Init
                0x080028ac       0x38 Src\usart.o
                0x080028ac                MX_USART2_UART_Init
 .text.HAL_UART_MspInit
                0x080028e4       0x60 Src\usart.o
                0x080028e4                HAL_UART_MspInit
 .text.Reset_Handler
                0x08002944       0x48 startup\startup_stm32f103xb.o
                0x08002944                Reset_Handler
 .text.Default_Handler
                0x0800298c        0x2 startup\startup_stm32f103xb.o
                0x0800298c                RTC_Alarm_IRQHandler
                0x0800298c                EXTI2_IRQHandler
                0x0800298c                TIM1_CC_IRQHandler
                0x0800298c                PVD_IRQHandler
                0x0800298c                EXTI3_IRQHandler
                0x0800298c                EXTI0_IRQHandler
                0x0800298c                I2C2_EV_IRQHandler
                0x0800298c                ADC1_2_IRQHandler
                0x0800298c                SPI1_IRQHandler
                0x0800298c                TAMPER_IRQHandler
                0x0800298c                DMA1_Channel4_IRQHandler
                0x0800298c                USART3_IRQHandler
                0x0800298c                RTC_IRQHandler
                0x0800298c                DMA1_Channel7_IRQHandler
                0x0800298c                CAN1_RX1_IRQHandler
                0x0800298c                TIM4_IRQHandler
                0x0800298c                I2C1_EV_IRQHandler
                0x0800298c                DMA1_Channel6_IRQHandler
                0x0800298c                TIM3_IRQHandler
                0x0800298c                RCC_IRQHandler
                0x0800298c                TIM1_TRG_COM_IRQHandler
                0x0800298c                DMA1_Channel1_IRQHandler
                0x0800298c                Default_Handler
                0x0800298c                EXTI9_5_IRQHandler
                0x0800298c                SPI2_IRQHandler
                0x0800298c                DMA1_Channel5_IRQHandler
                0x0800298c                EXTI4_IRQHandler
                0x0800298c                USB_LP_CAN1_RX0_IRQHandler
                0x0800298c                USB_HP_CAN1_TX_IRQHandler
                0x0800298c                DMA1_Channel3_IRQHandler
                0x0800298c                TIM1_UP_IRQHandler
                0x0800298c                WWDG_IRQHandler
                0x0800298c                TIM2_IRQHandler
                0x0800298c                TIM1_BRK_IRQHandler
                0x0800298c                EXTI1_IRQHandler
                0x0800298c                USART2_IRQHandler
                0x0800298c                I2C2_ER_IRQHandler
                0x0800298c                DMA1_Channel2_IRQHandler
                0x0800298c                CAN1_SCE_IRQHandler
                0x0800298c                FLASH_IRQHandler
                0x0800298c                USART1_IRQHandler
                0x0800298c                I2C1_ER_IRQHandler
                0x0800298c                USBWakeUp_IRQHandler
 *fill*         0x0800298e        0x2 
 .text.__libc_init_array
                0x08002990       0x48 c:/program files (x86)/atollic/truestudio for stm32 9.1.0/armtools/bin/../lib/gcc/arm-atollic-eabi/6.3.1/../../../../arm-atollic-eabi/lib/armv7-m\libc_nano.a(lib_a-init.o)
                0x08002990                __libc_init_array
 .text.memset   0x080029d8       0x10 c:/program files (x86)/atollic/truestudio for stm32 9.1.0/armtools/bin/../lib/gcc/arm-atollic-eabi/6.3.1/../../../../arm-atollic-eabi/lib/armv7-m\libc_nano.a(lib_a-memset.o)
                0x080029d8                memset
 *(.glue_7)
 .glue_7        0x080029e8        0x0 linker stubs
 *(.glue_7t)
 .glue_7t       0x080029e8        0x0 linker stubs
 *(.eh_frame)
 .eh_frame      0x080029e8        0x0 c:/program files (x86)/atollic/truestudio for stm32 9.1.0/armtools/bin/../lib/gcc/arm-atollic-eabi/6.3.1/armv7-m/crtbegin.o
 *(.init)
 .init          0x080029e8        0x4 c:/program files (x86)/atollic/truestudio for stm32 9.1.0/armtools/bin/../lib/gcc/arm-atollic-eabi/6.3.1/armv7-m/crti.o
                0x080029e8                _init
 .init          0x080029ec        0x8 c:/program files (x86)/atollic/truestudio for stm32 9.1.0/armtools/bin/../lib/gcc/arm-atollic-eabi/6.3.1/armv7-m/crtn.o
 *(.fini)
 .fini          0x080029f4        0x4 c:/program files (x86)/atollic/truestudio for stm32 9.1.0/armtools/bin/../lib/gcc/arm-atollic-eabi/6.3.1/armv7-m/crti.o
                0x080029f4                _fini
 .fini          0x080029f8        0x8 c:/program files (x86)/atollic/truestudio for stm32 9.1.0/armtools/bin/../lib/gcc/arm-atollic-eabi/6.3.1/armv7-m/crtn.o
                0x08002a00                . = ALIGN (0x4)
                0x08002a00                _etext = .

.vfp11_veneer   0x08002a00        0x0
 .vfp11_veneer  0x08002a00        0x0 linker stubs

.v4_bx          0x08002a00        0x0
 .v4_bx         0x08002a00        0x0 linker stubs

.iplt           0x08002a00        0x0
 .iplt          0x08002a00        0x0 c:/program files (x86)/atollic/truestudio for stm32 9.1.0/armtools/bin/../lib/gcc/arm-atollic-eabi/6.3.1/armv7-m/crtbegin.o

.rodata         0x08002a00       0x28
                0x08002a00                . = ALIGN (0x4)
 *(.rodata)
 .rodata        0x08002a00       0x10 Drivers\STM32F1xx_HAL_Driver\Src\stm32f1xx_hal_rcc.o
 *(.rodata*)
 .rodata.AHBPrescTable
                0x08002a10       0x10 Src\system_stm32f1xx.o
                0x08002a10                AHBPrescTable
 .rodata.APBPrescTable
                0x08002a20        0x8 Src\system_stm32f1xx.o
                0x08002a20                APBPrescTable
                0x08002a28                . = ALIGN (0x4)

.ARM.extab
 *(.ARM.extab* .gnu.linkonce.armextab.*)

.ARM            0x08002a28        0x8
                0x08002a28                __exidx_start = .
 *(.ARM.exidx*)
 .ARM.exidx     0x08002a28        0x8 c:/program files (x86)/atollic/truestudio for stm32 9.1.0/armtools/bin/../lib/gcc/arm-atollic-eabi/6.3.1/armv7-m\libgcc.a(_udivmoddi4.o)
                0x08002a30                __exidx_end = .

.rel.dyn        0x08002a30        0x0
 .rel.iplt      0x08002a30        0x0 c:/program files (x86)/atollic/truestudio for stm32 9.1.0/armtools/bin/../lib/gcc/arm-atollic-eabi/6.3.1/armv7-m/crtbegin.o

.preinit_array  0x08002a30        0x0
                0x08002a30                PROVIDE (__preinit_array_start, .)
 *(.preinit_array*)
                0x08002a30                PROVIDE (__preinit_array_end, .)

.init_array     0x08002a30        0x4
                0x08002a30                PROVIDE (__init_array_start, .)
 *(SORT(.init_array.*))
 *(.init_array*)
 .init_array    0x08002a30        0x4 c:/program files (x86)/atollic/truestudio for stm32 9.1.0/armtools/bin/../lib/gcc/arm-atollic-eabi/6.3.1/armv7-m/crtbegin.o
                0x08002a34                PROVIDE (__init_array_end, .)

.fini_array     0x08002a34        0x4
                [!provide]                PROVIDE (__fini_array_start, .)
 *(SORT(.fini_array.*))
 *(.fini_array*)
 .fini_array    0x08002a34        0x4 c:/program files (x86)/atollic/truestudio for stm32 9.1.0/armtools/bin/../lib/gcc/arm-atollic-eabi/6.3.1/armv7-m/crtbegin.o
                [!provide]                PROVIDE (__fini_array_end, .)
                0x08002a38                _sidata = LOADADDR (.data)

.data           0x20000000        0xc load address 0x08002a38
                0x20000000                . = ALIGN (0x4)
                0x20000000                _sdata = .
 *(.data)
 *(.data*)
 .data.uwTickFreq
                0x20000000        0x1 Drivers\STM32F1xx_HAL_Driver\Src\stm32f1xx_hal.o
                0x20000000                uwTickFreq
 *fill*         0x20000001        0x3 
 .data.uwTickPrio
                0x20000004        0x4 Drivers\STM32F1xx_HAL_Driver\Src\stm32f1xx_hal.o
                0x20000004                uwTickPrio
 .data.SystemCoreClock
                0x20000008        0x4 Src\system_stm32f1xx.o
                0x20000008                SystemCoreClock
                0x2000000c                . = ALIGN (0x4)
                0x2000000c                _edata = .

.igot.plt       0x2000000c        0x0 load address 0x08002a44
 .igot.plt      0x2000000c        0x0 c:/program files (x86)/atollic/truestudio for stm32 9.1.0/armtools/bin/../lib/gcc/arm-atollic-eabi/6.3.1/armv7-m/crtbegin.o
                0x2000000c                . = ALIGN (0x4)

.bss            0x2000000c      0x13c load address 0x08002a44
                0x2000000c                _sbss = .
                0x2000000c                __bss_start__ = _sbss
 *(.bss)
 .bss           0x2000000c       0x1c c:/program files (x86)/atollic/truestudio for stm32 9.1.0/armtools/bin/../lib/gcc/arm-atollic-eabi/6.3.1/armv7-m/crtbegin.o
 *(.bss*)
 *(COMMON)
 COMMON         0x20000028        0x4 Drivers\STM32F1xx_HAL_Driver\Src\stm32f1xx_hal.o
                0x20000028                uwTick
 COMMON         0x2000002c       0x38 Src\BMXX80.o
                0x2000002c                t3
                0x2000002e                _huminidity_oversampling
                0x20000030                p2
                0x20000032                h1
                0x20000034                p7
                0x20000036                _pressure_oversampling
                0x20000038                t2
                0x2000003a                p5
                0x2000003c                h5
                0x2000003e                p1
                0x20000040                h2
                0x20000042                p8
                0x20000044                p6
                0x20000046                t1
                0x20000048                _temperature_res
                0x2000004c                i2c_h
                0x20000050                h6
                0x20000052                h4
                0x20000054                _mode
                0x20000056                p3
                0x20000058                h3
                0x2000005a                p9
                0x2000005c                p4
                0x20000060                t_fine
 COMMON         0x20000064       0x54 Src\i2c.o
                0x20000064                hi2c1
 COMMON         0x200000b8       0x10 Src\main.o
                0x200000b8                temperature
                0x200000bc                huminidity
                0x200000c0                pressure
                0x200000c4                test
 COMMON         0x200000c8       0x40 Src\tim.o
                0x200000c8                htim3
 COMMON         0x20000108       0x40 Src\usart.o
                0x20000108                huart2
                0x20000148                . = ALIGN (0x4)
                0x20000148                _ebss = .
                0x20000148                __bss_end__ = _ebss

._user_heap_stack
                0x20000148      0x600 load address 0x08002a44
                0x20000148                . = ALIGN (0x4)
                0x20000148                PROVIDE (end, .)
                [!provide]                PROVIDE (_end, .)
                0x20000348                . = (. + _Min_Heap_Size)
 *fill*         0x20000148      0x200 
                0x20000748                . = (. + _Min_Stack_Size)
 *fill*         0x20000348      0x400 
                0x20000748                . = ALIGN (0x4)

/DISCARD/
 libc.a(*)
 libm.a(*)
 libgcc.a(*)

.ARM.attributes
                0x00000000       0x29
 *(.ARM.attributes)
 .ARM.attributes
                0x00000000       0x1d c:/program files (x86)/atollic/truestudio for stm32 9.1.0/armtools/bin/../lib/gcc/arm-atollic-eabi/6.3.1/armv7-m/crti.o
 .ARM.attributes
                0x0000001d       0x2d c:/program files (x86)/atollic/truestudio for stm32 9.1.0/armtools/bin/../lib/gcc/arm-atollic-eabi/6.3.1/armv7-m/crtbegin.o
 .ARM.attributes
                0x0000004a       0x33 Drivers\STM32F1xx_HAL_Driver\Src\stm32f1xx_hal.o
 .ARM.attributes
                0x0000007d       0x33 Drivers\STM32F1xx_HAL_Driver\Src\stm32f1xx_hal_cortex.o
 .ARM.attributes
                0x000000b0       0x33 Drivers\STM32F1xx_HAL_Driver\Src\stm32f1xx_hal_gpio.o
 .ARM.attributes
                0x000000e3       0x33 Drivers\STM32F1xx_HAL_Driver\Src\stm32f1xx_hal_i2c.o
 .ARM.attributes
                0x00000116       0x33 Drivers\STM32F1xx_HAL_Driver\Src\stm32f1xx_hal_rcc.o
 .ARM.attributes
                0x00000149       0x33 Drivers\STM32F1xx_HAL_Driver\Src\stm32f1xx_hal_tim.o
 .ARM.attributes
                0x0000017c       0x33 Drivers\STM32F1xx_HAL_Driver\Src\stm32f1xx_hal_tim_ex.o
 .ARM.attributes
                0x000001af       0x33 Drivers\STM32F1xx_HAL_Driver\Src\stm32f1xx_hal_uart.o
 .ARM.attributes
                0x000001e2       0x33 Src\BMXX80.o
 .ARM.attributes
                0x00000215       0x33 Src\delays.o
 .ARM.attributes
                0x00000248       0x33 Src\gpio.o
 .ARM.attributes
                0x0000027b       0x33 Src\i2c.o
 .ARM.attributes
                0x000002ae       0x33 Src\main.o
 .ARM.attributes
                0x000002e1       0x33 Src\stm32f1xx_hal_msp.o
 .ARM.attributes
                0x00000314       0x33 Src\stm32f1xx_it.o
 .ARM.attributes
                0x00000347       0x33 Src\system_stm32f1xx.o
 .ARM.attributes
                0x0000037a       0x33 Src\tim.o
 .ARM.attributes
                0x000003ad       0x33 Src\usart.o
 .ARM.attributes
                0x000003e0       0x21 startup\startup_stm32f103xb.o
 .ARM.attributes
                0x00000401       0x2d c:/program files (x86)/atollic/truestudio for stm32 9.1.0/armtools/bin/../lib/gcc/arm-atollic-eabi/6.3.1/../../../../arm-atollic-eabi/lib/armv7-m\libc_nano.a(lib_a-init.o)
 .ARM.attributes
                0x0000042e       0x2d c:/program files (x86)/atollic/truestudio for stm32 9.1.0/armtools/bin/../lib/gcc/arm-atollic-eabi/6.3.1/../../../../arm-atollic-eabi/lib/armv7-m\libc_nano.a(lib_a-memset.o)
 .ARM.attributes
                0x0000045b       0x1d c:/program files (x86)/atollic/truestudio for stm32 9.1.0/armtools/bin/../lib/gcc/arm-atollic-eabi/6.3.1/armv7-m\libgcc.a(_arm_addsubsf3.o)
 .ARM.attributes
                0x00000478       0x1d c:/program files (x86)/atollic/truestudio for stm32 9.1.0/armtools/bin/../lib/gcc/arm-atollic-eabi/6.3.1/armv7-m\libgcc.a(_arm_muldivsf3.o)
 .ARM.attributes
                0x00000495       0x1d c:/program files (x86)/atollic/truestudio for stm32 9.1.0/armtools/bin/../lib/gcc/arm-atollic-eabi/6.3.1/armv7-m\libgcc.a(_arm_cmpsf2.o)
 .ARM.attributes
                0x000004b2       0x1d c:/program files (x86)/atollic/truestudio for stm32 9.1.0/armtools/bin/../lib/gcc/arm-atollic-eabi/6.3.1/armv7-m\libgcc.a(_aeabi_ldivmod.o)
 .ARM.attributes
                0x000004cf       0x2d c:/program files (x86)/atollic/truestudio for stm32 9.1.0/armtools/bin/../lib/gcc/arm-atollic-eabi/6.3.1/armv7-m\libgcc.a(_udivmoddi4.o)
 .ARM.attributes
                0x000004fc       0x1d c:/program files (x86)/atollic/truestudio for stm32 9.1.0/armtools/bin/../lib/gcc/arm-atollic-eabi/6.3.1/armv7-m\libgcc.a(_dvmd_tls.o)
 .ARM.attributes
                0x00000519       0x1d c:/program files (x86)/atollic/truestudio for stm32 9.1.0/armtools/bin/../lib/gcc/arm-atollic-eabi/6.3.1/armv7-m/crtn.o
OUTPUT(f103bme280.elf elf32-littlearm)

.debug_info     0x00000000    0x19131
 .debug_info    0x00000000      0xfc8 Drivers\STM32F1xx_HAL_Driver\Src\stm32f1xx_hal.o
 .debug_info    0x00000fc8     0x14a9 Drivers\STM32F1xx_HAL_Driver\Src\stm32f1xx_hal_cortex.o
 .debug_info    0x00002471      0xec2 Drivers\STM32F1xx_HAL_Driver\Src\stm32f1xx_hal_gpio.o
 .debug_info    0x00003333     0x38ea Drivers\STM32F1xx_HAL_Driver\Src\stm32f1xx_hal_i2c.o
 .debug_info    0x00006c1d     0x123d Drivers\STM32F1xx_HAL_Driver\Src\stm32f1xx_hal_rcc.o
 .debug_info    0x00007e5a     0x3bb9 Drivers\STM32F1xx_HAL_Driver\Src\stm32f1xx_hal_tim.o
 .debug_info    0x0000ba13     0x1989 Drivers\STM32F1xx_HAL_Driver\Src\stm32f1xx_hal_tim_ex.o
 .debug_info    0x0000d39c     0x1e46 Drivers\STM32F1xx_HAL_Driver\Src\stm32f1xx_hal_uart.o
 .debug_info    0x0000f1e2     0x18ed Src\BMXX80.o
 .debug_info    0x00010acf      0xe30 Src\delays.o
 .debug_info    0x000118ff      0xd9e Src\gpio.o
 .debug_info    0x0001269d     0x10f1 Src\i2c.o
 .debug_info    0x0001378e     0x16aa Src\main.o
 .debug_info    0x00014e38      0xad2 Src\stm32f1xx_hal_msp.o
 .debug_info    0x0001590a      0xa58 Src\stm32f1xx_it.o
 .debug_info    0x00016362      0xc4d Src\system_stm32f1xx.o
 .debug_info    0x00016faf     0x108d Src\tim.o
 .debug_info    0x0001803c     0x105e Src\usart.o
 .debug_info    0x0001909a       0x97 startup\startup_stm32f103xb.o

.debug_abbrev   0x00000000     0x30c2
 .debug_abbrev  0x00000000      0x315 Drivers\STM32F1xx_HAL_Driver\Src\stm32f1xx_hal.o
 .debug_abbrev  0x00000315      0x399 Drivers\STM32F1xx_HAL_Driver\Src\stm32f1xx_hal_cortex.o
 .debug_abbrev  0x000006ae      0x268 Drivers\STM32F1xx_HAL_Driver\Src\stm32f1xx_hal_gpio.o
 .debug_abbrev  0x00000916      0x3c1 Drivers\STM32F1xx_HAL_Driver\Src\stm32f1xx_hal_i2c.o
 .debug_abbrev  0x00000cd7      0x367 Drivers\STM32F1xx_HAL_Driver\Src\stm32f1xx_hal_rcc.o
 .debug_abbrev  0x0000103e      0x3bb Drivers\STM32F1xx_HAL_Driver\Src\stm32f1xx_hal_tim.o
 .debug_abbrev  0x000013f9      0x30d Drivers\STM32F1xx_HAL_Driver\Src\stm32f1xx_hal_tim_ex.o
 .debug_abbrev  0x00001706      0x364 Drivers\STM32F1xx_HAL_Driver\Src\stm32f1xx_hal_uart.o
 .debug_abbrev  0x00001a6a      0x36a Src\BMXX80.o
 .debug_abbrev  0x00001dd4      0x1bb Src\delays.o
 .debug_abbrev  0x00001f8f      0x21e Src\gpio.o
 .debug_abbrev  0x000021ad      0x24d Src\i2c.o
 .debug_abbrev  0x000023fa      0x269 Src\main.o
 .debug_abbrev  0x00002663      0x1bc Src\stm32f1xx_hal_msp.o
 .debug_abbrev  0x0000281f      0x224 Src\stm32f1xx_it.o
 .debug_abbrev  0x00002a43      0x1eb Src\system_stm32f1xx.o
 .debug_abbrev  0x00002c2e      0x235 Src\tim.o
 .debug_abbrev  0x00002e63      0x24d Src\usart.o
 .debug_abbrev  0x000030b0       0x12 startup\startup_stm32f103xb.o

.debug_loc      0x00000000     0x936d
 .debug_loc     0x00000000      0x11b Drivers\STM32F1xx_HAL_Driver\Src\stm32f1xx_hal.o
 .debug_loc     0x0000011b      0x46b Drivers\STM32F1xx_HAL_Driver\Src\stm32f1xx_hal_cortex.o
 .debug_loc     0x00000586      0x36a Drivers\STM32F1xx_HAL_Driver\Src\stm32f1xx_hal_gpio.o
 .debug_loc     0x000008f0     0x2bdf Drivers\STM32F1xx_HAL_Driver\Src\stm32f1xx_hal_i2c.o
 .debug_loc     0x000034cf      0x4c3 Drivers\STM32F1xx_HAL_Driver\Src\stm32f1xx_hal_rcc.o
 .debug_loc     0x00003992     0x300c Drivers\STM32F1xx_HAL_Driver\Src\stm32f1xx_hal_tim.o
 .debug_loc     0x0000699e      0x822 Drivers\STM32F1xx_HAL_Driver\Src\stm32f1xx_hal_tim_ex.o
 .debug_loc     0x000071c0     0x1311 Drivers\STM32F1xx_HAL_Driver\Src\stm32f1xx_hal_uart.o
 .debug_loc     0x000084d1      0xd1f Src\BMXX80.o
 .debug_loc     0x000091f0       0x58 Src\i2c.o
 .debug_loc     0x00009248       0xcd Src\system_stm32f1xx.o
 .debug_loc     0x00009315       0x58 Src\usart.o

.debug_aranges  0x00000000      0xab0
 .debug_aranges
                0x00000000       0xc8 Drivers\STM32F1xx_HAL_Driver\Src\stm32f1xx_hal.o
 .debug_aranges
                0x000000c8       0x90 Drivers\STM32F1xx_HAL_Driver\Src\stm32f1xx_hal_cortex.o
 .debug_aranges
                0x00000158       0x58 Drivers\STM32F1xx_HAL_Driver\Src\stm32f1xx_hal_gpio.o
 .debug_aranges
                0x000001b0      0x190 Drivers\STM32F1xx_HAL_Driver\Src\stm32f1xx_hal_i2c.o
 .debug_aranges
                0x00000340       0x88 Drivers\STM32F1xx_HAL_Driver\Src\stm32f1xx_hal_rcc.o
 .debug_aranges
                0x000003c8      0x250 Drivers\STM32F1xx_HAL_Driver\Src\stm32f1xx_hal_tim.o
 .debug_aranges
                0x00000618       0xe8 Drivers\STM32F1xx_HAL_Driver\Src\stm32f1xx_hal_tim_ex.o
 .debug_aranges
                0x00000700      0x170 Drivers\STM32F1xx_HAL_Driver\Src\stm32f1xx_hal_uart.o
 .debug_aranges
                0x00000870       0x80 Src\BMXX80.o
 .debug_aranges
                0x000008f0       0x20 Src\delays.o
 .debug_aranges
                0x00000910       0x20 Src\gpio.o
 .debug_aranges
                0x00000930       0x30 Src\i2c.o
 .debug_aranges
                0x00000960       0x30 Src\main.o
 .debug_aranges
                0x00000990       0x20 Src\stm32f1xx_hal_msp.o
 .debug_aranges
                0x000009b0       0x50 Src\stm32f1xx_it.o
 .debug_aranges
                0x00000a00       0x28 Src\system_stm32f1xx.o
 .debug_aranges
                0x00000a28       0x30 Src\tim.o
 .debug_aranges
                0x00000a58       0x30 Src\usart.o
 .debug_aranges
                0x00000a88       0x28 startup\startup_stm32f103xb.o

.debug_ranges   0x00000000      0xf50
 .debug_ranges  0x00000000       0xb8 Drivers\STM32F1xx_HAL_Driver\Src\stm32f1xx_hal.o
 .debug_ranges  0x000000b8      0x128 Drivers\STM32F1xx_HAL_Driver\Src\stm32f1xx_hal_cortex.o
 .debug_ranges  0x000001e0       0x60 Drivers\STM32F1xx_HAL_Driver\Src\stm32f1xx_hal_gpio.o
 .debug_ranges  0x00000240      0x438 Drivers\STM32F1xx_HAL_Driver\Src\stm32f1xx_hal_i2c.o
 .debug_ranges  0x00000678       0xa0 Drivers\STM32F1xx_HAL_Driver\Src\stm32f1xx_hal_rcc.o
 .debug_ranges  0x00000718      0x340 Drivers\STM32F1xx_HAL_Driver\Src\stm32f1xx_hal_tim.o
 .debug_ranges  0x00000a58       0xd8 Drivers\STM32F1xx_HAL_Driver\Src\stm32f1xx_hal_tim_ex.o
 .debug_ranges  0x00000b30      0x190 Drivers\STM32F1xx_HAL_Driver\Src\stm32f1xx_hal_uart.o
 .debug_ranges  0x00000cc0       0x88 Src\BMXX80.o
 .debug_ranges  0x00000d48       0x10 Src\delays.o
 .debug_ranges  0x00000d58       0x68 Src\gpio.o
 .debug_ranges  0x00000dc0       0x40 Src\i2c.o
 .debug_ranges  0x00000e00       0x20 Src\main.o
 .debug_ranges  0x00000e20       0x58 Src\stm32f1xx_hal_msp.o
 .debug_ranges  0x00000e78       0x40 Src\stm32f1xx_it.o
 .debug_ranges  0x00000eb8       0x18 Src\system_stm32f1xx.o
 .debug_ranges  0x00000ed0       0x20 Src\tim.o
 .debug_ranges  0x00000ef0       0x40 Src\usart.o
 .debug_ranges  0x00000f30       0x20 startup\startup_stm32f103xb.o

.debug_line     0x00000000     0x7369
 .debug_line    0x00000000      0x45f Drivers\STM32F1xx_HAL_Driver\Src\stm32f1xx_hal.o
 .debug_line    0x0000045f      0x469 Drivers\STM32F1xx_HAL_Driver\Src\stm32f1xx_hal_cortex.o
 .debug_line    0x000008c8      0x45e Drivers\STM32F1xx_HAL_Driver\Src\stm32f1xx_hal_gpio.o
 .debug_line    0x00000d26     0x1a8b Drivers\STM32F1xx_HAL_Driver\Src\stm32f1xx_hal_i2c.o
 .debug_line    0x000027b1      0x639 Drivers\STM32F1xx_HAL_Driver\Src\stm32f1xx_hal_rcc.o
 .debug_line    0x00002dea     0x115f Drivers\STM32F1xx_HAL_Driver\Src\stm32f1xx_hal_tim.o
 .debug_line    0x00003f49      0x701 Drivers\STM32F1xx_HAL_Driver\Src\stm32f1xx_hal_tim_ex.o
 .debug_line    0x0000464a      0xc45 Drivers\STM32F1xx_HAL_Driver\Src\stm32f1xx_hal_uart.o
 .debug_line    0x0000528f      0x552 Src\BMXX80.o
 .debug_line    0x000057e1      0x2c9 Src\delays.o
 .debug_line    0x00005aaa      0x2c9 Src\gpio.o
 .debug_line    0x00005d73      0x32b Src\i2c.o
 .debug_line    0x0000609e      0x3d8 Src\main.o
 .debug_line    0x00006476      0x283 Src\stm32f1xx_hal_msp.o
 .debug_line    0x000066f9      0x2dd Src\stm32f1xx_it.o
 .debug_line    0x000069d6      0x2bf Src\system_stm32f1xx.o
 .debug_line    0x00006c95      0x323 Src\tim.o
 .debug_line    0x00006fb8      0x334 Src\usart.o
 .debug_line    0x000072ec       0x7d startup\startup_stm32f103xb.o

.debug_str      0x00000000     0x3f59
 .debug_str     0x00000000      0xbec Drivers\STM32F1xx_HAL_Driver\Src\stm32f1xx_hal.o
                                0xc8d (size before relaxing)
 .debug_str     0x00000bec      0x2e1 Drivers\STM32F1xx_HAL_Driver\Src\stm32f1xx_hal_cortex.o
                                0xdb5 (size before relaxing)
 .debug_str     0x00000ecd      0x1d0 Drivers\STM32F1xx_HAL_Driver\Src\stm32f1xx_hal_gpio.o
                                0x922 (size before relaxing)
 .debug_str     0x0000109d      0xc39 Drivers\STM32F1xx_HAL_Driver\Src\stm32f1xx_hal_i2c.o
                               0x13b8 (size before relaxing)
 .debug_str     0x00001cd6      0x306 Drivers\STM32F1xx_HAL_Driver\Src\stm32f1xx_hal_rcc.o
                                0xb00 (size before relaxing)
 .debug_str     0x00001fdc      0xf1b Drivers\STM32F1xx_HAL_Driver\Src\stm32f1xx_hal_tim.o
                               0x1851 (size before relaxing)
 .debug_str     0x00002ef7      0x4f1 Drivers\STM32F1xx_HAL_Driver\Src\stm32f1xx_hal_tim_ex.o
                               0x10f3 (size before relaxing)
 .debug_str     0x000033e8      0x6b9 Drivers\STM32F1xx_HAL_Driver\Src\stm32f1xx_hal_uart.o
                               0x106a (size before relaxing)
 .debug_str     0x00003aa1      0x293 Src\BMXX80.o
                                0xe20 (size before relaxing)
 .debug_str     0x00003d34       0x16 Src\delays.o
                                0xa80 (size before relaxing)
 .debug_str     0x00003d4a       0x2b Src\gpio.o
                                0xa98 (size before relaxing)
 .debug_str     0x00003d75       0x38 Src\i2c.o
                                0xc40 (size before relaxing)
 .debug_str     0x00003dad       0x53 Src\main.o
                               0x1119 (size before relaxing)
 .debug_str     0x00003e00       0x1b Src\stm32f1xx_hal_msp.o
                                0x736 (size before relaxing)
 .debug_str     0x00003e1b       0xbb Src\stm32f1xx_it.o
                                0x78f (size before relaxing)
 .debug_str     0x00003ed6       0x4d Src\system_stm32f1xx.o
                                0x78b (size before relaxing)
 .debug_str     0x00003f23       0x1c Src\tim.o
                                0xc24 (size before relaxing)
 .debug_str     0x00003f3f       0x1a Src\usart.o
                                0xb6a (size before relaxing)

.comment        0x00000000       0x7c
 .comment       0x00000000       0x7c Drivers\STM32F1xx_HAL_Driver\Src\stm32f1xx_hal.o
                                 0x7d (size before relaxing)
 .comment       0x0000007c       0x7d Drivers\STM32F1xx_HAL_Driver\Src\stm32f1xx_hal_cortex.o
 .comment       0x0000007c       0x7d Drivers\STM32F1xx_HAL_Driver\Src\stm32f1xx_hal_gpio.o
 .comment       0x0000007c       0x7d Drivers\STM32F1xx_HAL_Driver\Src\stm32f1xx_hal_i2c.o
 .comment       0x0000007c       0x7d Drivers\STM32F1xx_HAL_Driver\Src\stm32f1xx_hal_rcc.o
 .comment       0x0000007c       0x7d Drivers\STM32F1xx_HAL_Driver\Src\stm32f1xx_hal_tim.o
 .comment       0x0000007c       0x7d Drivers\STM32F1xx_HAL_Driver\Src\stm32f1xx_hal_tim_ex.o
 .comment       0x0000007c       0x7d Drivers\STM32F1xx_HAL_Driver\Src\stm32f1xx_hal_uart.o
 .comment       0x0000007c       0x7d Src\BMXX80.o
 .comment       0x0000007c       0x7d Src\delays.o
 .comment       0x0000007c       0x7d Src\gpio.o
 .comment       0x0000007c       0x7d Src\i2c.o
 .comment       0x0000007c       0x7d Src\main.o
 .comment       0x0000007c       0x7d Src\stm32f1xx_hal_msp.o
 .comment       0x0000007c       0x7d Src\stm32f1xx_it.o
 .comment       0x0000007c       0x7d Src\system_stm32f1xx.o
 .comment       0x0000007c       0x7d Src\tim.o
 .comment       0x0000007c       0x7d Src\usart.o

.debug_frame    0x00000000     0x21dc
 .debug_frame   0x00000000      0x1b0 Drivers\STM32F1xx_HAL_Driver\Src\stm32f1xx_hal.o
 .debug_frame   0x000001b0      0x120 Drivers\STM32F1xx_HAL_Driver\Src\stm32f1xx_hal_cortex.o
 .debug_frame   0x000002d0       0xd4 Drivers\STM32F1xx_HAL_Driver\Src\stm32f1xx_hal_gpio.o
 .debug_frame   0x000003a4      0x684 Drivers\STM32F1xx_HAL_Driver\Src\stm32f1xx_hal_i2c.o
 .debug_frame   0x00000a28      0x150 Drivers\STM32F1xx_HAL_Driver\Src\stm32f1xx_hal_rcc.o
 .debug_frame   0x00000b78      0x854 Drivers\STM32F1xx_HAL_Driver\Src\stm32f1xx_hal_tim.o
 .debug_frame   0x000013cc      0x320 Drivers\STM32F1xx_HAL_Driver\Src\stm32f1xx_hal_tim_ex.o
 .debug_frame   0x000016ec      0x4a0 Drivers\STM32F1xx_HAL_Driver\Src\stm32f1xx_hal_uart.o
 .debug_frame   0x00001b8c      0x180 Src\BMXX80.o
 .debug_frame   0x00001d0c       0x20 Src\delays.o
 .debug_frame   0x00001d2c       0x30 Src\gpio.o
 .debug_frame   0x00001d5c       0x60 Src\i2c.o
 .debug_frame   0x00001dbc       0x58 Src\main.o
 .debug_frame   0x00001e14       0x28 Src\stm32f1xx_hal_msp.o
 .debug_frame   0x00001e3c       0xb0 Src\stm32f1xx_it.o
 .debug_frame   0x00001eec       0x30 Src\system_stm32f1xx.o
 .debug_frame   0x00001f1c       0x50 Src\tim.o
 .debug_frame   0x00001f6c       0x60 Src\usart.o
 .debug_frame   0x00001fcc       0x2c c:/program files (x86)/atollic/truestudio for stm32 9.1.0/armtools/bin/../lib/gcc/arm-atollic-eabi/6.3.1/../../../../arm-atollic-eabi/lib/armv7-m\libc_nano.a(lib_a-init.o)
 .debug_frame   0x00001ff8       0x20 c:/program files (x86)/atollic/truestudio for stm32 9.1.0/armtools/bin/../lib/gcc/arm-atollic-eabi/6.3.1/../../../../arm-atollic-eabi/lib/armv7-m\libc_nano.a(lib_a-memset.o)
 .debug_frame   0x00002018       0x4c c:/program files (x86)/atollic/truestudio for stm32 9.1.0/armtools/bin/../lib/gcc/arm-atollic-eabi/6.3.1/armv7-m\libgcc.a(_arm_addsubsf3.o)
 .debug_frame   0x00002064       0x38 c:/program files (x86)/atollic/truestudio for stm32 9.1.0/armtools/bin/../lib/gcc/arm-atollic-eabi/6.3.1/armv7-m\libgcc.a(_arm_muldivsf3.o)
 .debug_frame   0x0000209c       0xc8 c:/program files (x86)/atollic/truestudio for stm32 9.1.0/armtools/bin/../lib/gcc/arm-atollic-eabi/6.3.1/armv7-m\libgcc.a(_arm_cmpsf2.o)
 .debug_frame   0x00002164       0x44 c:/program files (x86)/atollic/truestudio for stm32 9.1.0/armtools/bin/../lib/gcc/arm-atollic-eabi/6.3.1/armv7-m\libgcc.a(_aeabi_ldivmod.o)
 .debug_frame   0x000021a8       0x34 c:/program files (x86)/atollic/truestudio for stm32 9.1.0/armtools/bin/../lib/gcc/arm-atollic-eabi/6.3.1/armv7-m\libgcc.a(_udivmoddi4.o)
